Component: ARM Compiler 5.06 update 6 (build 750) Tool: armlink [4d35ed]

==============================================================================

Section Cross References

    startup_stm32l151xc.o(STACK) refers (Special) to heapauxi.o(.text) for __use_two_region_memory
    startup_stm32l151xc.o(HEAP) refers (Special) to heapauxi.o(.text) for __use_two_region_memory
    startup_stm32l151xc.o(RESET) refers (Special) to heapauxi.o(.text) for __use_two_region_memory
    startup_stm32l151xc.o(RESET) refers to startup_stm32l151xc.o(STACK) for __initial_sp
    startup_stm32l151xc.o(RESET) refers to startup_stm32l151xc.o(.text) for Reset_Handler
    startup_stm32l151xc.o(RESET) refers to stm32l1xx_it.o(i.NMI_Handler) for NMI_Handler
    startup_stm32l151xc.o(RESET) refers to stm32l1xx_it.o(i.HardFault_Handler) for HardFault_Handler
    startup_stm32l151xc.o(RESET) refers to stm32l1xx_it.o(i.MemManage_Handler) for MemManage_Handler
    startup_stm32l151xc.o(RESET) refers to stm32l1xx_it.o(i.BusFault_Handler) for BusFault_Handler
    startup_stm32l151xc.o(RESET) refers to stm32l1xx_it.o(i.UsageFault_Handler) for UsageFault_Handler
    startup_stm32l151xc.o(RESET) refers to stm32l1xx_it.o(i.SVC_Handler) for SVC_Handler
    startup_stm32l151xc.o(RESET) refers to stm32l1xx_it.o(i.DebugMon_Handler) for DebugMon_Handler
    startup_stm32l151xc.o(RESET) refers to stm32l1xx_it.o(i.PendSV_Handler) for PendSV_Handler
    startup_stm32l151xc.o(RESET) refers to stm32l1xx_it.o(i.SysTick_Handler) for SysTick_Handler
    startup_stm32l151xc.o(RESET) refers to stm32l1xx_it.o(i.USART2_IRQHandler) for USART2_IRQHandler
    startup_stm32l151xc.o(RESET) refers to stm32l1xx_it.o(i.USART3_IRQHandler) for USART3_IRQHandler
    startup_stm32l151xc.o(.text) refers (Special) to heapauxi.o(.text) for __use_two_region_memory
    startup_stm32l151xc.o(.text) refers to system_stm32l1xx.o(i.SystemInit) for SystemInit
    startup_stm32l151xc.o(.text) refers to __main.o(!!!main) for __main
    startup_stm32l151xc.o(.text) refers to startup_stm32l151xc.o(HEAP) for Heap_Mem
    startup_stm32l151xc.o(.text) refers to startup_stm32l151xc.o(STACK) for Stack_Mem
    hs300x.o(i.HS300X_Init) refers to stm32l1xx_hal_i2c.o(i.HAL_I2C_Mem_Write) for HAL_I2C_Mem_Write
    hs300x.o(i.HS300X_Init) refers to stm32l1xx_hal.o(i.HAL_Delay) for HAL_Delay
    hs300x.o(i.HS300X_Init) refers to stm32l1xx_hal_i2c.o(i.HAL_I2C_Master_Transmit) for HAL_I2C_Master_Transmit
    hs300x.o(i.HS300X_Init) refers to stm32l1xx_hal_i2c.o(i.HAL_I2C_Master_Receive) for HAL_I2C_Master_Receive
    hs300x.o(i.HS300X_Start_Measurement) refers to stm32l1xx_hal_i2c.o(i.HAL_I2C_Master_Transmit) for HAL_I2C_Master_Transmit
    hs300x.o(i.HS300X_Start_Measurement) refers to stm32l1xx_hal.o(i.HAL_Delay) for HAL_Delay
    hs300x.o(i.HS300X_Start_Measurement) refers to stm32l1xx_hal_i2c.o(i.HAL_I2C_Master_Receive) for HAL_I2C_Master_Receive
    hs300x.o(i.HS300X_Start_Measurement) refers to dflt_clz.o(x$fpl$dfltu) for __aeabi_ui2d
    hs300x.o(i.HS300X_Start_Measurement) refers to ddiv.o(x$fpl$ddiv) for __aeabi_ddiv
    hs300x.o(i.HS300X_Start_Measurement) refers to dmul.o(x$fpl$dmul) for __aeabi_dmul
    hs300x.o(i.HS300X_Start_Measurement) refers to dfix.o(x$fpl$dfix) for __aeabi_d2iz
    hs300x.o(i.HS300X_Start_Measurement) refers to daddsub_clz.o(x$fpl$dsub) for __aeabi_dsub
    hs300x.o(i.HS300X_Start_Measurement) refers to hs300x.o(.data) for .data
    user_modbus_rtu.o(i.ModRTU_Master_Read_Frame) refers to user_modbus_rtu.o(i.ModRTU_CRC) for ModRTU_CRC
    user_modbus_rtu.o(i.ModRTU_Master_Write_Frame) refers to user_modbus_rtu.o(i.ModRTU_CRC) for ModRTU_CRC
    user_modbus_rtu.o(i.ModRTU_Slave_ACK_Read_Frame) refers to user_modbus_rtu.o(i.ModRTU_CRC) for ModRTU_CRC
    user_modbus_rtu.o(i.ModRTU_Slave_ACK_Write_Frame) refers to user_modbus_rtu.o(i.ModRTU_CRC) for ModRTU_CRC
    user_uart.o(i.Check_CountBuffer_Complete_Uart) refers to stm32l1xx_hal.o(i.HAL_GetTick) for HAL_GetTick
    user_uart.o(i.Check_CountBuffer_Complete_Uart) refers to user_uart.o(.data) for .data
    user_uart.o(i.Delete_Buffer) refers to user_uart.o(.data) for .data
    user_uart.o(i.Transmit_Data_Uart) refers to strlen.o(.text) for strlen
    user_uart.o(i.Transmit_Data_Uart) refers to stm32l1xx_hal_uart.o(i.HAL_UART_Transmit) for HAL_UART_Transmit
    main.o(i.FLASH_Earse) refers to stm32l1xx_hal_flash.o(i.HAL_FLASH_Unlock) for HAL_FLASH_Unlock
    main.o(i.FLASH_Earse) refers to stm32l1xx_hal_flash_ex.o(i.HAL_FLASHEx_Erase) for HAL_FLASHEx_Erase
    main.o(i.FLASH_Earse) refers to stm32l1xx_hal_flash.o(i.HAL_FLASH_Lock) for HAL_FLASH_Lock
    main.o(i.FLASH_WriteNews) refers to stm32l1xx_hal_flash.o(i.HAL_FLASH_Unlock) for HAL_FLASH_Unlock
    main.o(i.FLASH_WriteNews) refers to h1_alloc.o(.text) for malloc
    main.o(i.FLASH_WriteNews) refers to stm32l1xx_hal_flash.o(i.HAL_FLASH_Program) for HAL_FLASH_Program
[...]
    Removing stm32l1xx_hal_uart.o(i.HAL_HalfDuplex_Init), (108 bytes).
    Removing stm32l1xx_hal_uart.o(i.HAL_LIN_Init), (128 bytes).
    Removing stm32l1xx_hal_uart.o(i.HAL_LIN_SendBreak), (46 bytes).
    Removing stm32l1xx_hal_uart.o(i.HAL_MultiProcessor_EnterMuteMode), (46 bytes).
    Removing stm32l1xx_hal_uart.o(i.HAL_MultiProcessor_ExitMuteMode), (46 bytes).
    Removing stm32l1xx_hal_uart.o(i.HAL_MultiProcessor_Init), (142 bytes).
    Removing stm32l1xx_hal_uart.o(i.HAL_UARTEx_ReceiveToIdle), (254 bytes).
    Removing stm32l1xx_hal_uart.o(i.HAL_UARTEx_ReceiveToIdle_DMA), (74 bytes).
    Removing stm32l1xx_hal_uart.o(i.HAL_UARTEx_ReceiveToIdle_IT), (74 bytes).
    Removing stm32l1xx_hal_uart.o(i.HAL_UART_Abort), (156 bytes).
    Removing stm32l1xx_hal_uart.o(i.HAL_UART_AbortCpltCallback), (2 bytes).
    Removing stm32l1xx_hal_uart.o(i.HAL_UART_AbortReceive), (106 bytes).
    Removing stm32l1xx_hal_uart.o(i.HAL_UART_AbortReceiveCpltCallback), (2 bytes).
    Removing stm32l1xx_hal_uart.o(i.HAL_UART_AbortReceive_IT), (112 bytes).
    Removing stm32l1xx_hal_uart.o(i.HAL_UART_AbortTransmit), (78 bytes).
    Removing stm32l1xx_hal_uart.o(i.HAL_UART_AbortTransmitCpltCallback), (2 bytes).
    Removing stm32l1xx_hal_uart.o(i.HAL_UART_AbortTransmit_IT), (84 bytes).
    Removing stm32l1xx_hal_uart.o(i.HAL_UART_Abort_IT), (188 bytes).
    Removing stm32l1xx_hal_uart.o(i.HAL_UART_DMAPause), (102 bytes).
    Removing stm32l1xx_hal_uart.o(i.HAL_UART_DMAResume), (94 bytes).
    Removing stm32l1xx_hal_uart.o(i.HAL_UART_DMAStop), (88 bytes).
    Removing stm32l1xx_hal_uart.o(i.HAL_UART_DeInit), (52 bytes).
    Removing stm32l1xx_hal_uart.o(i.HAL_UART_GetError), (4 bytes).
    Removing stm32l1xx_hal_uart.o(i.HAL_UART_GetState), (10 bytes).
    Removing stm32l1xx_hal_uart.o(i.HAL_UART_MspDeInit), (2 bytes).
    Removing stm32l1xx_hal_uart.o(i.HAL_UART_MspInit), (2 bytes).
    Removing stm32l1xx_hal_uart.o(i.HAL_UART_Receive), (192 bytes).
    Removing stm32l1xx_hal_uart.o(i.HAL_UART_Receive_DMA), (42 bytes).
    Removing stm32l1xx_hal_uart.o(i.HAL_UART_RxCpltCallback), (2 bytes).
    Removing stm32l1xx_hal_uart.o(i.HAL_UART_RxHalfCpltCallback), (2 bytes).
    Removing stm32l1xx_hal_uart.o(i.HAL_UART_Transmit_DMA), (128 bytes).
    Removing stm32l1xx_hal_uart.o(i.HAL_UART_Transmit_IT), (62 bytes).
    Removing stm32l1xx_hal_uart.o(i.HAL_UART_TxHalfCpltCallback), (2 bytes).
    Removing stm32l1xx_hal_uart.o(i.UART_DMAError), (74 bytes).
    Removing stm32l1xx_hal_uart.o(i.UART_DMAReceiveCplt), (90 bytes).
    Removing stm32l1xx_hal_uart.o(i.UART_DMARxAbortCallback), (44 bytes).
    Removing stm32l1xx_hal_uart.o(i.UART_DMARxHalfCplt), (26 bytes).
    Removing stm32l1xx_hal_uart.o(i.UART_DMARxOnlyAbortCallback), (22 bytes).
    Removing stm32l1xx_hal_uart.o(i.UART_DMATransmitCplt), (46 bytes).
    Removing stm32l1xx_hal_uart.o(i.UART_DMATxAbortCallback), (44 bytes).
    Removing stm32l1xx_hal_uart.o(i.UART_DMATxHalfCplt), (10 bytes).
    Removing stm32l1xx_hal_uart.o(i.UART_DMATxOnlyAbortCallback), (20 bytes).
    Removing stm32l1xx_hal_uart.o(i.UART_EndTxTransfer), (18 bytes).
    Removing stm32l1xx_hal_uart.o(i.UART_Start_Receive_DMA), (112 bytes).
    Removing system_stm32l1xx.o(.rev16_text), (4 bytes).
    Removing system_stm32l1xx.o(.revsh_text), (4 bytes).
    Removing system_stm32l1xx.o(.rrx_text), (6 bytes).
    Removing system_stm32l1xx.o(i.SystemCoreClockUpdate), (144 bytes).

334 unused section(s) (total 23549 bytes) removed from the image.

==============================================================================

Image Symbol Table

    Local Symbols

    Symbol Name                              Value     Ov Type        Size  Object(Section)

    ../Core/Src/main.c                       0x00000000   Number         0  main.o ABSOLUTE
    ../Core/Src/stm32l1xx_hal_msp.c          0x00000000   Number         0  stm32l1xx_hal_msp.o ABSOLUTE
    ../Core/Src/stm32l1xx_it.c               0x00000000   Number         0  stm32l1xx_it.o ABSOLUTE
    ../Core/Src/system_stm32l1xx.c           0x00000000   Number         0  system_stm32l1xx.o ABSOLUTE
    ../Drivers/STM32L1xx_HAL_Driver/Src/stm32l1xx_hal.c 0x00000000   Number         0  stm32l1xx_hal.o ABSOLUTE
    ../Drivers/STM32L1xx_HAL_Driver/Src/stm32l1xx_hal_cortex.c 0x00000000   Number         0  stm32l1xx_hal_cortex.o ABSOLUTE
    ../Drivers/STM32L1xx_HAL_Driver/Src/stm32l1xx_hal_dma.c 0x00000000   Number         0  stm32l1xx_hal_dma.o ABSOLUTE
    ../Drivers/STM32L1xx_HAL_Driver/Src/stm32l1xx_hal_exti.c 0x00000000   Number         0  stm32l1xx_hal_exti.o ABSOLUTE
    ../Drivers/STM32L1xx_HAL_Driver/Src/stm32l1xx_hal_flash.c 0x00000000   Number         0  stm32l1xx_hal_flash.o ABSOLUTE
    ../Drivers/STM32L1xx_HAL_Driver/Src/stm32l1xx_hal_flash_ex.c 0x00000000   Number         0  stm32l1xx_hal_flash_ex.o ABSOLUTE
    ../Drivers/STM32L1xx_HAL_Driver/Src/stm32l1xx_hal_flash_ramfunc.c 0x00000000   Number         0  stm32l1xx_hal_flash_ramfunc.o ABSOLUTE
    ../Drivers/STM32L1xx_HAL_Driver/Src/stm32l1xx_hal_gpio.c 0x00000000   Number         0  stm32l1xx_hal_gpio.o ABSOLUTE
    ../Drivers/STM32L1xx_HAL_Driver/Src/stm32l1xx_hal_i2c.c 0x00000000   Number         0  stm32l1xx_hal_i2c.o ABSOLUTE
    ../Drivers/STM32L1xx_HAL_Driver/Src/stm32l1xx_hal_pwr.c 0x00000000   Number         0  stm32l1xx_hal_pwr.o ABSOLUTE
    ../Drivers/STM32L1xx_HAL_Driver/Src/stm32l1xx_hal_pwr_ex.c 0x00000000   Number         0  stm32l1xx_hal_pwr_ex.o ABSOLUTE
    ../Drivers/STM32L1xx_HAL_Driver/Src/stm32l1xx_hal_rcc.c 0x00000000   Number         0  stm32l1xx_hal_rcc.o ABSOLUTE
    ../Drivers/STM32L1xx_HAL_Driver/Src/stm32l1xx_hal_rcc_ex.c 0x00000000   Number         0  stm32l1xx_hal_rcc_ex.o ABSOLUTE
    ../Drivers/STM32L1xx_HAL_Driver/Src/stm32l1xx_hal_tim.c 0x00000000   Number         0  stm32l1xx_hal_tim.o ABSOLUTE
    ../Drivers/STM32L1xx_HAL_Driver/Src/stm32l1xx_hal_tim_ex.c 0x00000000   Number         0  stm32l1xx_hal_tim_ex.o ABSOLUTE
    ../Drivers/STM32L1xx_HAL_Driver/Src/stm32l1xx_hal_uart.c 0x00000000   Number         0  stm32l1xx_hal_uart.o ABSOLUTE
    ../clib/angel/boardlib.s                 0x00000000   Number         0  boardinit1.o ABSOLUTE
    ../clib/angel/boardlib.s                 0x00000000   Number         0  boardshut.o ABSOLUTE
    ../clib/angel/boardlib.s                 0x00000000   Number         0  boardinit2.o ABSOLUTE
    ../clib/angel/boardlib.s                 0x00000000   Number         0  boardinit3.o ABSOLUTE
    ../clib/angel/handlers.s                 0x00000000   Number         0  __scatter_zi.o ABSOLUTE
    ../clib/angel/handlers.s                 0x00000000   Number         0  __scatter_copy.o ABSOLUTE
    ../clib/angel/kernel.s                   0x00000000   Number         0  __rtentry2.o ABSOLUTE
    ../clib/angel/kernel.s                   0x00000000   Number         0  rtexit2.o ABSOLUTE
    ../clib/angel/kernel.s                   0x00000000   Number         0  __rtentry.o ABSOLUTE
    ../clib/angel/kernel.s                   0x00000000   Number         0  rtexit.o ABSOLUTE
    ../clib/angel/kernel.s                   0x00000000   Number         0  __rtentry4.o ABSOLUTE
    ../clib/angel/rt.s                       0x00000000   Number         0  aeabi_ldiv0.o ABSOLUTE
    ../clib/angel/rt.s                       0x00000000   Number         0  aeabi_ldiv0_sigfpe.o ABSOLUTE
    ../clib/angel/rt.s                       0x00000000   Number         0  rt_heap_descriptor.o ABSOLUTE
    ../clib/angel/rt.s                       0x00000000   Number         0  rt_div0.o ABSOLUTE
    ../clib/angel/rt.s                       0x00000000   Number         0  rt_raise.o ABSOLUTE
    ../clib/angel/rt.s                       0x00000000   Number         0  rt_heap_descriptor_intlibspace.o ABSOLUTE
    ../clib/angel/scatter.s                  0x00000000   Number         0  __scatter.o ABSOLUTE
    ../clib/angel/startup.s                  0x00000000   Number         0  __main.o ABSOLUTE
    ../clib/angel/sys.s                      0x00000000   Number         0  mutex_dummy.o ABSOLUTE
    ../clib/angel/sys.s                      0x00000000   Number         0  indicate_semi.o ABSOLUTE
    ../clib/angel/sys.s                      0x00000000   Number         0  use_no_semi.o ABSOLUTE
    ../clib/angel/sys.s                      0x00000000   Number         0  sys_stackheap_outer.o ABSOLUTE
    ../clib/angel/sys.s                      0x00000000   Number         0  libspace.o ABSOLUTE
    ../clib/angel/sysapp.c                   0x00000000   Number         0  sys_wrch.o ABSOLUTE
    ../clib/angel/sysapp.c                   0x00000000   Number         0  sys_command.o ABSOLUTE
    ../clib/angel/sysapp.c                   0x00000000   Number         0  sys_exit.o ABSOLUTE
    ../clib/armsys.c                         0x00000000   Number         0  _get_argv_nomalloc.o ABSOLUTE
    ../clib/armsys.c                         0x00000000   Number         0  argv_veneer.o ABSOLUTE
    ../clib/armsys.c                         0x00000000   Number         0  argv_veneer.o ABSOLUTE
    ../clib/armsys.c                         0x00000000   Number         0  _get_argv.o ABSOLUTE
    ../clib/armsys.c                         0x00000000   Number         0  no_argv.o ABSOLUTE
    ../clib/heap1.c                          0x00000000   Number         0  h1_init.o ABSOLUTE
    ../clib/heap1.c                          0x00000000   Number         0  h1_init_mt.o ABSOLUTE
    ../clib/heap1.c                          0x00000000   Number         0  h1_alloc.o ABSOLUTE
    ../clib/heap1.c                          0x00000000   Number         0  h1_free.o ABSOLUTE
    ../clib/heap1.c                          0x00000000   Number         0  h1_alloc_mt.o ABSOLUTE
    ../clib/heap1.c                          0x00000000   Number         0  h1_free_mt.o ABSOLUTE
    ../clib/heap1.c                          0x00000000   Number         0  h1_final_mt.o ABSOLUTE
    ../clib/heap1.c                          0x00000000   Number         0  h1_extend_mt.o ABSOLUTE
    ../clib/heap1.c                          0x00000000   Number         0  h1_extend.o ABSOLUTE
    ../clib/heap1.c                          0x00000000   Number         0  h1_final.o ABSOLUTE
    ../clib/heap2.c                          0x00000000   Number         0  fdtree.o ABSOLUTE
    ../clib/heap2.c                          0x00000000   Number         0  heap2mt.o ABSOLUTE
    ../clib/heap2.c                          0x00000000   Number         0  heap2.o ABSOLUTE
    ../clib/heapalloc.c                      0x00000000   Number         0  maybetermalloc1.o ABSOLUTE
    ../clib/heapalloc.c                      0x00000000   Number         0  hrguard.o ABSOLUTE
    ../clib/heapalloc.c                      0x00000000   Number         0  malloc.o ABSOLUTE
    ../clib/heapalloc.c                      0x00000000   Number         0  hguard.o ABSOLUTE
    ../clib/heapalloc.c                      0x00000000   Number         0  term_alloc.o ABSOLUTE
    ../clib/heapalloc.c                      0x00000000   Number         0  maybetermalloc1.o ABSOLUTE
    ../clib/heapalloc.c                      0x00000000   Number         0  maybetermalloc2.o ABSOLUTE
    ../clib/heapalloc.c                      0x00000000   Number         0  heapstubs.o ABSOLUTE
    ../clib/heapalloc.c                      0x00000000   Number         0  free.o ABSOLUTE
    ../clib/heapalloc.c                      0x00000000   Number         0  init_alloc.o ABSOLUTE
    ../clib/heapalloc.c                      0x00000000   Number         0  maybetermalloc2.o ABSOLUTE
    ../clib/heapaux.c                        0x00000000   Number         0  heapauxi.o ABSOLUTE
    ../clib/heapaux.c                        0x00000000   Number         0  heapauxa.o ABSOLUTE
    ../clib/libinit.s                        0x00000000   Number         0  libinit.o ABSOLUTE
    ../clib/libinit.s                        0x00000000   Number         0  libshutdown2.o ABSOLUTE
    ../clib/libinit.s                        0x00000000   Number         0  libshutdown.o ABSOLUTE
    ../clib/libinit.s                        0x00000000   Number         0  libinit2.o ABSOLUTE
    ../clib/longlong.s                       0x00000000   Number         0  lludivv7m.o ABSOLUTE
    ../clib/memcpset.s                       0x00000000   Number         0  rt_memclr_w.o ABSOLUTE
    ../clib/memcpset.s                       0x00000000   Number         0  rt_memcpy_w.o ABSOLUTE
    ../clib/printf.c                         0x00000000   Number         0  __printf_flags_wp.o ABSOLUTE
    ../clib/printf.c                         0x00000000   Number         0  _printf_dec.o ABSOLUTE
    ../clib/printf.c                         0x00000000   Number         0  __printf_wp.o ABSOLUTE
    ../clib/printf.c                         0x00000000   Number         0  __printf_flags.o ABSOLUTE
    ../clib/printf.c                         0x00000000   Number         0  __printf_ss.o ABSOLUTE
    ../clib/printf.c                         0x00000000   Number         0  __printf_ss_wp.o ABSOLUTE
    ../clib/printf.c                         0x00000000   Number         0  __printf.o ABSOLUTE
    ../clib/printf.c                         0x00000000   Number         0  noretval__2sprintf.o ABSOLUTE
    ../clib/printf.c                         0x00000000   Number         0  __printf_flags_ss.o ABSOLUTE
    ../clib/printf.c                         0x00000000   Number         0  _sputc.o ABSOLUTE
    ../clib/printf.c                         0x00000000   Number         0  _printf_intcommon.o ABSOLUTE
    ../clib/printf.c                         0x00000000   Number         0  _printf_char_common.o ABSOLUTE
    ../clib/printf.c                         0x00000000   Number         0  __printf_nopercent.o ABSOLUTE
    ../clib/printf.c                         0x00000000   Number         0  __printf_flags_ss_wp.o ABSOLUTE
    ../clib/printf.c                         0x00000000   Number         0  __2sprintf.o ABSOLUTE
    ../clib/printf_percent.s                 0x00000000   Number         0  _printf_d.o ABSOLUTE
    ../clib/printf_percent.s                 0x00000000   Number         0  _printf_percent.o ABSOLUTE
    ../clib/printf_percent.s                 0x00000000   Number         0  _printf_percent_end.o ABSOLUTE
    ../clib/signal.c                         0x00000000   Number         0  defsig_fpe_formal.o ABSOLUTE
    ../clib/signal.c                         0x00000000   Number         0  __raise.o ABSOLUTE
    ../clib/signal.c                         0x00000000   Number         0  defsig_general.o ABSOLUTE
    ../clib/signal.c                         0x00000000   Number         0  defsig_abrt_inner.o ABSOLUTE
    ../clib/signal.c                         0x00000000   Number         0  defsig_rtred_inner.o ABSOLUTE
    ../clib/signal.c                         0x00000000   Number         0  defsig_rtmem_outer.o ABSOLUTE
    ../clib/signal.c                         0x00000000   Number         0  defsig_exit.o ABSOLUTE
    ../clib/signal.c                         0x00000000   Number         0  defsig_pvfn_inner.o ABSOLUTE
    ../clib/signal.c                         0x00000000   Number         0  defsig_stak_inner.o ABSOLUTE
    ../clib/signal.c                         0x00000000   Number         0  defsig_rtmem_formal.o ABSOLUTE
    ../clib/signal.c                         0x00000000   Number         0  defsig_cppl_inner.o ABSOLUTE
    ../clib/signal.c                         0x00000000   Number         0  defsig_rtmem_inner.o ABSOLUTE
    ../clib/signal.c                         0x00000000   Number         0  defsig_segv_inner.o ABSOLUTE
    ../clib/signal.c                         0x00000000   Number         0  defsig_other.o ABSOLUTE
    ../clib/signal.c                         0x00000000   Number         0  defsig_fpe_inner.o ABSOLUTE
    ../clib/signal.c                         0x00000000   Number         0  defsig_fpe_outer.o ABSOLUTE
    ../clib/signal.s                         0x00000000   Number         0  defsig.o ABSOLUTE
    ../clib/stdlib.c                         0x00000000   Number         0  exit.o ABSOLUTE
    ../clib/string.c                         0x00000000   Number         0  strlen.o ABSOLUTE
    ../fplib/daddsub.s                       0x00000000   Number         0  daddsub_clz.o ABSOLUTE
    ../fplib/ddiv.s                          0x00000000   Number         0  ddiv.o ABSOLUTE
    ../fplib/dfix.s                          0x00000000   Number         0  dfix.o ABSOLUTE
    ../fplib/dflt.s                          0x00000000   Number         0  dflt_clz.o ABSOLUTE
    ../fplib/dmul.s                          0x00000000   Number         0  dmul.o ABSOLUTE
    ../fplib/dnaninf.s                       0x00000000   Number         0  dnaninf.o ABSOLUTE
    ../fplib/dretinf.s                       0x00000000   Number         0  dretinf.o ABSOLUTE
    ../fplib/fpinit.s                        0x00000000   Number         0  fpinit.o ABSOLUTE
    ../fplib/usenofp.s                       0x00000000   Number         0  usenofp.o ABSOLUTE
    ..\Core\Src\main.c                       0x00000000   Number         0  main.o ABSOLUTE
    ..\Core\Src\stm32l1xx_hal_msp.c          0x00000000   Number         0  stm32l1xx_hal_msp.o ABSOLUTE
    ..\Core\Src\stm32l1xx_it.c               0x00000000   Number         0  stm32l1xx_it.o ABSOLUTE
    ..\Core\Src\system_stm32l1xx.c           0x00000000   Number         0  system_stm32l1xx.o ABSOLUTE
    ..\Drivers\Mylib\Src\HS300x.c            0x00000000   Number         0  hs300x.o ABSOLUTE
    ..\Drivers\Mylib\Src\user_modbus_rtu.c   0x00000000   Number         0  user_modbus_rtu.o ABSOLUTE
    ..\Drivers\Mylib\Src\user_uart.c         0x00000000   Number         0  user_uart.o ABSOLUTE
    ..\Drivers\STM32L1xx_HAL_Driver\Src\stm32l1xx_hal.c 0x00000000   Number         0  stm32l1xx_hal.o ABSOLUTE
    ..\Drivers\STM32L1xx_HAL_Driver\Src\stm32l1xx_hal_cortex.c 0x00000000   Number         0  stm32l1xx_hal_cortex.o ABSOLUTE
    ..\Drivers\STM32L1xx_HAL_Driver\Src\stm32l1xx_hal_dma.c 0x00000000   Number         0  stm32l1xx_hal_dma.o ABSOLUTE
    ..\Drivers\STM32L1xx_HAL_Driver\Src\stm32l1xx_hal_exti.c 0x00000000   Number         0  stm32l1xx_hal_exti.o ABSOLUTE
    ..\Drivers\STM32L1xx_HAL_Driver\Src\stm32l1xx_hal_flash.c 0x00000000   Number         0  stm32l1xx_hal_flash.o ABSOLUTE
    ..\Drivers\STM32L1xx_HAL_Driver\Src\stm32l1xx_hal_flash_ex.c 0x00000000   Number         0  stm32l1xx_hal_flash_ex.o ABSOLUTE
    ..\Drivers\STM32L1xx_HAL_Driver\Src\stm32l1xx_hal_flash_ramfunc.c 0x00000000   Number         0  stm32l1xx_hal_flash_ramfunc.o ABSOLUTE
    ..\Drivers\STM32L1xx_HAL_Driver\Src\stm32l1xx_hal_gpio.c 0x00000000   Number         0  stm32l1xx_hal_gpio.o ABSOLUTE
    ..\Drivers\STM32L1xx_HAL_Driver\Src\stm32l1xx_hal_i2c.c 0x00000000   Number         0  stm32l1xx_hal_i2c.o ABSOLUTE
    ..\Drivers\STM32L1xx_HAL_Driver\Src\stm32l1xx_hal_pwr.c 0x00000000   Number         0  stm32l1xx_hal_pwr.o ABSOLUTE
    ..\Drivers\STM32L1xx_HAL_Driver\Src\stm32l1xx_hal_pwr_ex.c 0x00000000   Number         0  stm32l1xx_hal_pwr_ex.o ABSOLUTE
    ..\Drivers\STM32L1xx_HAL_Driver\Src\stm32l1xx_hal_rcc.c 0x00000000   Number         0  stm32l1xx_hal_rcc.o ABSOLUTE
    ..\Drivers\STM32L1xx_HAL_Driver\Src\stm32l1xx_hal_rcc_ex.c 0x00000000   Number         0  stm32l1xx_hal_rcc_ex.o ABSOLUTE
    ..\Drivers\STM32L1xx_HAL_Driver\Src\stm32l1xx_hal_tim.c 0x00000000   Number         0  stm32l1xx_hal_tim.o ABSOLUTE
    ..\Drivers\STM32L1xx_HAL_Driver\Src\stm32l1xx_hal_tim_ex.c 0x00000000   Number         0  stm32l1xx_hal_tim_ex.o ABSOLUTE
    ..\Drivers\STM32L1xx_HAL_Driver\Src\stm32l1xx_hal_uart.c 0x00000000   Number         0  stm32l1xx_hal_uart.o ABSOLUTE
    ..\\Drivers\\Mylib\\Src\\HS300x.c        0x00000000   Number         0  hs300x.o ABSOLUTE
    ..\\Drivers\\Mylib\\Src\\user_modbus_rtu.c 0x00000000   Number         0  user_modbus_rtu.o ABSOLUTE
    ..\\Drivers\\Mylib\\Src\\user_uart.c     0x00000000   Number         0  user_uart.o ABSOLUTE
    dc.s                                     0x00000000   Number         0  dc.o ABSOLUTE
    startup_stm32l151xc.s                    0x00000000   Number         0  startup_stm32l151xc.o ABSOLUTE
    RESET                                    0x08000000   Section      292  startup_stm32l151xc.o(RESET)
    !!!main                                  0x08000124   Section        8  __main.o(!!!main)
    !!!scatter                               0x0800012c   Section       52  __scatter.o(!!!scatter)
    !!handler_copy                           0x08000160   Section       26  __scatter_copy.o(!!handler_copy)
    !!handler_zi                             0x0800017c   Section       28  __scatter_zi.o(!!handler_zi)
    .ARM.Collect$$_printf_percent$$00000000  0x08000198   Section        0  _printf_percent.o(.ARM.Collect$$_printf_percent$$00000000)
    .ARM.Collect$$_printf_percent$$00000009  0x08000198   Section        6  _printf_d.o(.ARM.Collect$$_printf_percent$$00000009)
    .ARM.Collect$$_printf_percent$$00000017  0x0800019e   Section        4  _printf_percent_end.o(.ARM.Collect$$_printf_percent$$00000017)
    .ARM.Collect$$libinit$$00000000          0x080001a2   Section        2  libinit.o(.ARM.Collect$$libinit$$00000000)
    .ARM.Collect$$libinit$$00000002          0x080001a4   Section        0  libinit2.o(.ARM.Collect$$libinit$$00000002)
    .ARM.Collect$$libinit$$00000004          0x080001a4   Section        0  libinit2.o(.ARM.Collect$$libinit$$00000004)
    .ARM.Collect$$libinit$$0000000A          0x080001a4   Section        0  libinit2.o(.ARM.Collect$$libinit$$0000000A)
    .ARM.Collect$$libinit$$0000000C          0x080001a4   Section        0  libinit2.o(.ARM.Collect$$libinit$$0000000C)
    .ARM.Collect$$libinit$$0000000E          0x080001a4   Section        0  libinit2.o(.ARM.Collect$$libinit$$0000000E)
    .ARM.Collect$$libinit$$00000011          0x080001a4   Section        0  libinit2.o(.ARM.Collect$$libinit$$00000011)
    .ARM.Collect$$libinit$$00000013          0x080001a4   Section        0  libinit2.o(.ARM.Collect$$libinit$$00000013)
    .ARM.Collect$$libinit$$00000015          0x080001a4   Section        0  libinit2.o(.ARM.Collect$$libinit$$00000015)
    .ARM.Collect$$libinit$$00000017          0x080001a4   Section        0  libinit2.o(.ARM.Collect$$libinit$$00000017)
    .ARM.Collect$$libinit$$00000019          0x080001a4   Section        0  libinit2.o(.ARM.Collect$$libinit$$00000019)
    .ARM.Collect$$libinit$$0000001B          0x080001a4   Section        0  libinit2.o(.ARM.Collect$$libinit$$0000001B)
    .ARM.Collect$$libinit$$0000001D          0x080001a4   Section        0  libinit2.o(.ARM.Collect$$libinit$$0000001D)
    .ARM.Collect$$libinit$$0000001F          0x080001a4   Section        0  libinit2.o(.ARM.Collect$$libinit$$0000001F)
    .ARM.Collect$$libinit$$00000021          0x080001a4   Section        0  libinit2.o(.ARM.Collect$$libinit$$00000021)
    .ARM.Collect$$libinit$$00000023          0x080001a4   Section        0  libinit2.o(.ARM.Collect$$libinit$$00000023)
    .ARM.Collect$$libinit$$00000025          0x080001a4   Section        0  libinit2.o(.ARM.Collect$$libinit$$00000025)
    .ARM.Collect$$libinit$$0000002C          0x080001a4   Section        0  libinit2.o(.ARM.Collect$$libinit$$0000002C)
    .ARM.Collect$$libinit$$0000002E          0x080001a4   Section        0  libinit2.o(.ARM.Collect$$libinit$$0000002E)
    .ARM.Collect$$libinit$$00000030          0x080001a4   Section        0  libinit2.o(.ARM.Collect$$libinit$$00000030)
    .ARM.Collect$$libinit$$00000032          0x080001a4   Section        0  libinit2.o(.ARM.Collect$$libinit$$00000032)
    .ARM.Collect$$libinit$$00000033          0x080001a4   Section        2  libinit2.o(.ARM.Collect$$libinit$$00000033)
    .ARM.Collect$$libshutdown$$00000000      0x080001a6   Section        2  libshutdown.o(.ARM.Collect$$libshutdown$$00000000)
    .ARM.Collect$$libshutdown$$00000002      0x080001a8   Section        0  libshutdown2.o(.ARM.Collect$$libshutdown$$00000002)
    .ARM.Collect$$libshutdown$$00000004      0x080001a8   Section        0  libshutdown2.o(.ARM.Collect$$libshutdown$$00000004)
    .ARM.Collect$$libshutdown$$00000007      0x080001a8   Section        0  libshutdown2.o(.ARM.Collect$$libshutdown$$00000007)
    .ARM.Collect$$libshutdown$$0000000A      0x080001a8   Section        0  libshutdown2.o(.ARM.Collect$$libshutdown$$0000000A)
    .ARM.Collect$$libshutdown$$0000000C      0x080001a8   Section        0  libshutdown2.o(.ARM.Collect$$libshutdown$$0000000C)
    .ARM.Collect$$libshutdown$$0000000F      0x080001a8   Section        0  libshutdown2.o(.ARM.Collect$$libshutdown$$0000000F)
    .ARM.Collect$$libshutdown$$00000010      0x080001a8   Section        2  libshutdown2.o(.ARM.Collect$$libshutdown$$00000010)
    .ARM.Collect$$rtentry$$00000000          0x080001aa   Section        0  __rtentry.o(.ARM.Collect$$rtentry$$00000000)
    .ARM.Collect$$rtentry$$00000002          0x080001aa   Section        0  __rtentry2.o(.ARM.Collect$$rtentry$$00000002)
    .ARM.Collect$$rtentry$$00000004          0x080001aa   Section        6  __rtentry4.o(.ARM.Collect$$rtentry$$00000004)
    .ARM.Collect$$rtentry$$00000009          0x080001b0   Section        0  __rtentry2.o(.ARM.Collect$$rtentry$$00000009)
    .ARM.Collect$$rtentry$$0000000A          0x080001b0   Section        4  __rtentry2.o(.ARM.Collect$$rtentry$$0000000A)
    .ARM.Collect$$rtentry$$0000000C          0x080001b4   Section        0  __rtentry2.o(.ARM.Collect$$rtentry$$0000000C)
    .ARM.Collect$$rtentry$$0000000D          0x080001b4   Section        8  __rtentry2.o(.ARM.Collect$$rtentry$$0000000D)
    .ARM.Collect$$rtexit$$00000000           0x080001bc   Section        2  rtexit.o(.ARM.Collect$$rtexit$$00000000)
    .ARM.Collect$$rtexit$$00000002           0x080001be   Section        0  rtexit2.o(.ARM.Collect$$rtexit$$00000002)
    .ARM.Collect$$rtexit$$00000003           0x080001be   Section        4  rtexit2.o(.ARM.Collect$$rtexit$$00000003)
    .ARM.Collect$$rtexit$$00000004           0x080001c2   Section        6  rtexit2.o(.ARM.Collect$$rtexit$$00000004)
    .text                                    0x080001c8   Section       64  startup_stm32l151xc.o(.text)
    .text                                    0x08000208   Section      238  lludivv7m.o(.text)
    .text                                    0x080002f8   Section        0  noretval__2sprintf.o(.text)
    .text                                    0x08000320   Section        0  __printf.o(.text)
    .text                                    0x08000388   Section        0  _printf_dec.o(.text)
    .text                                    0x08000400   Section        0  strlen.o(.text)
    .text                                    0x0800043e   Section       78  rt_memclr_w.o(.text)
    .text                                    0x0800048c   Section        0  heapauxi.o(.text)
    .text                                    0x08000492   Section        0  _printf_intcommon.o(.text)
    .text                                    0x08000544   Section        0  _printf_char_common.o(.text)
    _printf_input_char                       0x08000545   Thumb Code    10  _printf_char_common.o(.text)
    .text                                    0x08000574   Section        0  _sputc.o(.text)
    .text                                    0x08000580   Section        8  libspace.o(.text)
    .text                                    0x08000588   Section        2  use_no_semi.o(.text)
    .text                                    0x0800058a   Section       74  sys_stackheap_outer.o(.text)
    .text                                    0x0800058a   Section        0  indicate_semi.o(.text)
    .text                                    0x080005d4   Section        0  exit.o(.text)
    .text                                    0x080005e8   Section        0  sys_exit.o(.text)
    i.BusFault_Handler                       0x080005f4   Section        0  stm32l1xx_it.o(i.BusFault_Handler)
    i.Check_CountBuffer_Complete_Uart        0x080005f8   Section        0  user_uart.o(i.Check_CountBuffer_Complete_Uart)
    i.DebugMon_Handler                       0x0800065c   Section        0  stm32l1xx_it.o(i.DebugMon_Handler)
    i.Delete_Buffer                          0x08000660   Section        0  user_uart.o(i.Delete_Buffer)
    i.HAL_DMA_Abort                          0x08000684   Section        0  stm32l1xx_hal_dma.o(i.HAL_DMA_Abort)
    i.HAL_DMA_Abort_IT                       0x080006ce   Section        0  stm32l1xx_hal_dma.o(i.HAL_DMA_Abort_IT)
    i.HAL_Delay                              0x0800071c   Section        0  stm32l1xx_hal.o(i.HAL_Delay)
    i.HAL_GPIO_Init                          0x08000740   Section        0  stm32l1xx_hal_gpio.o(i.HAL_GPIO_Init)
    i.HAL_GPIO_WritePin                      0x08000974   Section        0  stm32l1xx_hal_gpio.o(i.HAL_GPIO_WritePin)
    i.HAL_GetTick                            0x08000980   Section        0  stm32l1xx_hal.o(i.HAL_GetTick)
    i.HAL_I2C_Init                           0x0800098c   Section        0  stm32l1xx_hal_i2c.o(i.HAL_I2C_Init)
    i.HAL_I2C_Master_Receive                 0x08000b14   Section        0  stm32l1xx_hal_i2c.o(i.HAL_I2C_Master_Receive)
    i.HAL_I2C_Master_Transmit                0x08000cf4   Section        0  stm32l1xx_hal_i2c.o(i.HAL_I2C_Master_Transmit)
    i.HAL_I2C_MspInit                        0x08000e20   Section        0  stm32l1xx_hal_msp.o(i.HAL_I2C_MspInit)
    i.HAL_IncTick                            0x08000e8c   Section        0  stm32l1xx_hal.o(i.HAL_IncTick)
    i.HAL_Init                               0x08000e9c   Section        0  stm32l1xx_hal.o(i.HAL_Init)
    i.HAL_InitTick                           0x08000ebc   Section        0  stm32l1xx_hal.o(i.HAL_InitTick)
    i.HAL_MspInit                            0x08000f00   Section        0  stm32l1xx_hal_msp.o(i.HAL_MspInit)
    i.HAL_NVIC_EnableIRQ                     0x08000f3c   Section        0  stm32l1xx_hal_cortex.o(i.HAL_NVIC_EnableIRQ)
    i.HAL_NVIC_SetPriority                   0x08000f58   Section        0  stm32l1xx_hal_cortex.o(i.HAL_NVIC_SetPriority)
    i.HAL_NVIC_SetPriorityGrouping           0x08000f98   Section        0  stm32l1xx_hal_cortex.o(i.HAL_NVIC_SetPriorityGrouping)
    i.HAL_RCC_ClockConfig                    0x08000fbc   Section        0  stm32l1xx_hal_rcc.o(i.HAL_RCC_ClockConfig)
    i.HAL_RCC_GetPCLK1Freq                   0x08001160   Section        0  stm32l1xx_hal_rcc.o(i.HAL_RCC_GetPCLK1Freq)
    i.HAL_RCC_GetPCLK2Freq                   0x08001180   Section        0  stm32l1xx_hal_rcc.o(i.HAL_RCC_GetPCLK2Freq)
    i.HAL_RCC_GetSysClockFreq                0x080011a0   Section        0  stm32l1xx_hal_rcc.o(i.HAL_RCC_GetSysClockFreq)
    i.HAL_RCC_OscConfig                      0x08001208   Section        0  stm32l1xx_hal_rcc.o(i.HAL_RCC_OscConfig)
    i.HAL_SYSTICK_Callback                   0x08001630   Section        0  main.o(i.HAL_SYSTICK_Callback)
    i.HAL_SYSTICK_Config                     0x08001632   Section        0  stm32l1xx_hal_cortex.o(i.HAL_SYSTICK_Config)
    i.HAL_SYSTICK_IRQHandler                 0x0800165a   Section        0  stm32l1xx_hal_cortex.o(i.HAL_SYSTICK_IRQHandler)
    i.HAL_UARTEx_RxEventCallback             0x08001662   Section        0  stm32l1xx_hal_uart.o(i.HAL_UARTEx_RxEventCallback)
    i.HAL_UART_ErrorCallback                 0x08001664   Section        0  stm32l1xx_hal_uart.o(i.HAL_UART_ErrorCallback)
    i.HAL_UART_IRQHandler                    0x08001668   Section        0  stm32l1xx_hal_uart.o(i.HAL_UART_IRQHandler)
    i.HAL_UART_Init                          0x08001874   Section        0  stm32l1xx_hal_uart.o(i.HAL_UART_Init)
    i.HAL_UART_MspInit                       0x080018d8   Section        0  stm32l1xx_hal_msp.o(i.HAL_UART_MspInit)
    i.HAL_UART_Receive_IT                    0x080019a4   Section        0  stm32l1xx_hal_uart.o(i.HAL_UART_Receive_IT)
    i.HAL_UART_RxCpltCallback                0x080019d0   Section        0  main.o(i.HAL_UART_RxCpltCallback)
    i.HAL_UART_Transmit                      0x08001a00   Section        0  stm32l1xx_hal_uart.o(i.HAL_UART_Transmit)
    i.HAL_UART_TxCpltCallback                0x08001ab2   Section        0  stm32l1xx_hal_uart.o(i.HAL_UART_TxCpltCallback)
    i.HS300X_Start_Measurement               0x08001ab4   Section        0  hs300x.o(i.HS300X_Start_Measurement)
    i.HardFault_Handler                      0x08001b94   Section        0  stm32l1xx_it.o(i.HardFault_Handler)
    i.I2C_IsAcknowledgeFailed                0x08001b96   Section        0  stm32l1xx_hal_i2c.o(i.I2C_IsAcknowledgeFailed)
    I2C_IsAcknowledgeFailed                  0x08001b97   Thumb Code    46  stm32l1xx_hal_i2c.o(i.I2C_IsAcknowledgeFailed)
    i.I2C_MasterRequestRead                  0x08001bc4   Section        0  stm32l1xx_hal_i2c.o(i.I2C_MasterRequestRead)
    I2C_MasterRequestRead                    0x08001bc5   Thumb Code   230  stm32l1xx_hal_i2c.o(i.I2C_MasterRequestRead)
    i.I2C_MasterRequestWrite                 0x08001cb0   Section        0  stm32l1xx_hal_i2c.o(i.I2C_MasterRequestWrite)
    I2C_MasterRequestWrite                   0x08001cb1   Thumb Code   150  stm32l1xx_hal_i2c.o(i.I2C_MasterRequestWrite)
    i.I2C_WaitOnBTFFlagUntilTimeout          0x08001d4c   Section        0  stm32l1xx_hal_i2c.o(i.I2C_WaitOnBTFFlagUntilTimeout)
    I2C_WaitOnBTFFlagUntilTimeout            0x08001d4d   Thumb Code    76  stm32l1xx_hal_i2c.o(i.I2C_WaitOnBTFFlagUntilTimeout)
    i.I2C_WaitOnFlagUntilTimeout             0x08001d98   Section        0  stm32l1xx_hal_i2c.o(i.I2C_WaitOnFlagUntilTimeout)
    I2C_WaitOnFlagUntilTimeout               0x08001d99   Thumb Code   104  stm32l1xx_hal_i2c.o(i.I2C_WaitOnFlagUntilTimeout)
    i.I2C_WaitOnMasterAddressFlagUntilTimeout 0x08001e00   Section        0  stm32l1xx_hal_i2c.o(i.I2C_WaitOnMasterAddressFlagUntilTimeout)
    I2C_WaitOnMasterAddressFlagUntilTimeout  0x08001e01   Thumb Code   150  stm32l1xx_hal_i2c.o(i.I2C_WaitOnMasterAddressFlagUntilTimeout)
    i.I2C_WaitOnRXNEFlagUntilTimeout         0x08001e96   Section        0  stm32l1xx_hal_i2c.o(i.I2C_WaitOnRXNEFlagUntilTimeout)
    I2C_WaitOnRXNEFlagUntilTimeout           0x08001e97   Thumb Code   102  stm32l1xx_hal_i2c.o(i.I2C_WaitOnRXNEFlagUntilTimeout)
    i.I2C_WaitOnTXEFlagUntilTimeout          0x08001efc   Section        0  stm32l1xx_hal_i2c.o(i.I2C_WaitOnTXEFlagUntilTimeout)
    I2C_WaitOnTXEFlagUntilTimeout            0x08001efd   Thumb Code    76  stm32l1xx_hal_i2c.o(i.I2C_WaitOnTXEFlagUntilTimeout)
    i.MX_GPIO_Init                           0x08001f48   Section        0  main.o(i.MX_GPIO_Init)
    MX_GPIO_Init                             0x08001f49   Thumb Code   136  main.o(i.MX_GPIO_Init)
    i.MemManage_Handler                      0x08001fdc   Section        0  stm32l1xx_it.o(i.MemManage_Handler)
    i.ModRTU_CRC                             0x08001fde   Section        0  user_modbus_rtu.o(i.ModRTU_CRC)
    i.ModRTU_Master_Read_Frame               0x0800200a   Section        0  user_modbus_rtu.o(i.ModRTU_Master_Read_Frame)
    i.Modbus_RTU_Master                      0x08002044   Section        0  main.o(i.Modbus_RTU_Master)
    i.NMI_Handler                            0x080020a0   Section        0  stm32l1xx_it.o(i.NMI_Handler)
    i.PendSV_Handler                         0x080020a2   Section        0  stm32l1xx_it.o(i.PendSV_Handler)
    i.RCC_SetFlashLatencyFromMSIRange        0x080020a4   Section        0  stm32l1xx_hal_rcc.o(i.RCC_SetFlashLatencyFromMSIRange)
    RCC_SetFlashLatencyFromMSIRange          0x080020a5   Thumb Code   116  stm32l1xx_hal_rcc.o(i.RCC_SetFlashLatencyFromMSIRange)
    i.SVC_Handler                            0x08002124   Section        0  stm32l1xx_it.o(i.SVC_Handler)
    i.SysTick_Handler                        0x08002126   Section        0  stm32l1xx_it.o(i.SysTick_Handler)
    i.SystemClock_Config                     0x08002134   Section        0  main.o(i.SystemClock_Config)
    i.SystemInit                             0x08002198   Section        0  system_stm32l1xx.o(i.SystemInit)
    i.UART_DMAAbortOnError                   0x0800219a   Section        0  stm32l1xx_hal_uart.o(i.UART_DMAAbortOnError)
    UART_DMAAbortOnError                     0x0800219b   Thumb Code    16  stm32l1xx_hal_uart.o(i.UART_DMAAbortOnError)
    i.UART_EndRxTransfer                     0x080021aa   Section        0  stm32l1xx_hal_uart.o(i.UART_EndRxTransfer)
    UART_EndRxTransfer                       0x080021ab   Thumb Code    48  stm32l1xx_hal_uart.o(i.UART_EndRxTransfer)
    i.UART_Receive_IT                        0x080021da   Section        0  stm32l1xx_hal_uart.o(i.UART_Receive_IT)
    UART_Receive_IT                          0x080021db   Thumb Code   182  stm32l1xx_hal_uart.o(i.UART_Receive_IT)
    i.UART_SetConfig                         0x08002290   Section        0  stm32l1xx_hal_uart.o(i.UART_SetConfig)
    UART_SetConfig                           0x08002291   Thumb Code   278  stm32l1xx_hal_uart.o(i.UART_SetConfig)
    i.UART_Start_Receive_IT                  0x080023ac   Section        0  stm32l1xx_hal_uart.o(i.UART_Start_Receive_IT)
    i.UART_WaitOnFlagUntilTimeout            0x080023e2   Section        0  stm32l1xx_hal_uart.o(i.UART_WaitOnFlagUntilTimeout)
    UART_WaitOnFlagUntilTimeout              0x080023e3   Thumb Code   100  stm32l1xx_hal_uart.o(i.UART_WaitOnFlagUntilTimeout)
    i.USART2_IRQHandler                      0x08002448   Section        0  stm32l1xx_it.o(i.USART2_IRQHandler)
    i.USART3_IRQHandler                      0x08002454   Section        0  stm32l1xx_it.o(i.USART3_IRQHandler)
    i.UsageFault_Handler                     0x08002460   Section        0  stm32l1xx_it.o(i.UsageFault_Handler)
    i.__NVIC_SetPriority                     0x08002462   Section        0  stm32l1xx_hal_cortex.o(i.__NVIC_SetPriority)
    __NVIC_SetPriority                       0x08002463   Thumb Code    32  stm32l1xx_hal_cortex.o(i.__NVIC_SetPriority)
    i.main                                   0x08002484   Section        0  main.o(i.main)
    x$fpl$dadd                               0x08002758   Section      336  daddsub_clz.o(x$fpl$dadd)
    _dadd1                                   0x08002769   Thumb Code     0  daddsub_clz.o(x$fpl$dadd)
    x$fpl$ddiv                               0x080028a8   Section      688  ddiv.o(x$fpl$ddiv)
    ddiv_entry                               0x080028af   Thumb Code     0  ddiv.o(x$fpl$ddiv)
    x$fpl$dfix                               0x08002b58   Section       94  dfix.o(x$fpl$dfix)
    x$fpl$dfltu                              0x08002bb6   Section       38  dflt_clz.o(x$fpl$dfltu)
    x$fpl$dmul                               0x08002bdc   Section      340  dmul.o(x$fpl$dmul)
    x$fpl$dnaninf                            0x08002d30   Section      156  dnaninf.o(x$fpl$dnaninf)
    x$fpl$dretinf                            0x08002dcc   Section       12  dretinf.o(x$fpl$dretinf)
    x$fpl$dsub                               0x08002dd8   Section      468  daddsub_clz.o(x$fpl$dsub)
    _dsub1                                   0x08002de9   Thumb Code     0  daddsub_clz.o(x$fpl$dsub)
    .constdata                               0x08002fac   Section       25  system_stm32l1xx.o(.constdata)
    x$fpl$usenofp                            0x08002fac   Section        0  usenofp.o(x$fpl$usenofp)
    .constdata                               0x08002fc5   Section        8  system_stm32l1xx.o(.constdata)
    .data                                    0x20000000   Section        1  hs300x.o(.data)
    .data                                    0x20000004   Section       12  user_uart.o(.data)
    .data                                    0x20000010   Section       32  main.o(.data)
    .data                                    0x20000030   Section       12  stm32l1xx_hal.o(.data)
    .data                                    0x2000003c   Section        4  system_stm32l1xx.o(.data)
    .bss                                     0x20000040   Section      488  main.o(.bss)
    .bss                                     0x20000228   Section       96  libspace.o(.bss)
    HEAP                                     0x20000288   Section      512  startup_stm32l151xc.o(HEAP)
    Heap_Mem                                 0x20000288   Data         512  startup_stm32l151xc.o(HEAP)
    STACK                                    0x20000488   Section     1024  startup_stm32l151xc.o(STACK)
    Stack_Mem                                0x20000488   Data        1024  startup_stm32l151xc.o(STACK)
    __initial_sp                             0x20000888   Data           0  startup_stm32l151xc.o(STACK)

    Global Symbols

    Symbol Name                              Value     Ov Type        Size  Object(Section)

    BuildAttributes$$THM_ISAv4$P$D$K$B$S$PE$A:L22UL41UL21$X:L11$S22US41US21$IEEE1$IW$USESV6$~STKCKD$USESV7$~SHL$OTIME$ROPI$EBA8$UX$STANDARDLIB$REQ8$PRES8$EABIv2 0x00000000   Number         0  anon$$obj.o ABSOLUTE
    __ARM_use_no_argv                        0x00000000   Number         0  main.o ABSOLUTE
    __ARM_exceptions_init                     - Undefined Weak Reference
    __alloca_initialize                       - Undefined Weak Reference
    __arm_preinit_                            - Undefined Weak Reference
    __cpp_initialize__aeabi_                  - Undefined Weak Reference
    __cxa_finalize                            - Undefined Weak Reference
    __rt_locale                               - Undefined Weak Reference
    __sigvec_lookup                           - Undefined Weak Reference
    __user_heap_extent                        - Undefined Weak Reference
    _atexit_init                              - Undefined Weak Reference
    _call_atexit_fns                          - Undefined Weak Reference
    _clock_init                               - Undefined Weak Reference
    _fp_trap_init                             - Undefined Weak Reference
    _fp_trap_shutdown                         - Undefined Weak Reference
    _get_lc_collate                           - Undefined Weak Reference
    _get_lc_ctype                             - Undefined Weak Reference
    _get_lc_monetary                          - Undefined Weak Reference
    _get_lc_numeric                           - Undefined Weak Reference
    _get_lc_time                              - Undefined Weak Reference
    _getenv_init                              - Undefined Weak Reference
    _handle_redirection                       - Undefined Weak Reference
    _initio                                   - Undefined Weak Reference
    _mutex_acquire                            - Undefined Weak Reference
    _mutex_free                               - Undefined Weak Reference
    _mutex_release                            - Undefined Weak Reference
    _printf_post_padding                      - Undefined Weak Reference
    _printf_pre_padding                       - Undefined Weak Reference
    _printf_truncate_signed                   - Undefined Weak Reference
    _printf_truncate_unsigned                 - Undefined Weak Reference
    _rand_init                                - Undefined Weak Reference
    _signal_finish                            - Undefined Weak Reference
    _signal_init                              - Undefined Weak Reference
    _terminateio                              - Undefined Weak Reference
    __Vectors_Size                           0x00000124   Number         0  startup_stm32l151xc.o ABSOLUTE
    __Vectors                                0x08000000   Data           4  startup_stm32l151xc.o(RESET)
    __Vectors_End                            0x08000124   Data           0  startup_stm32l151xc.o(RESET)
    __main                                   0x08000125   Thumb Code     8  __main.o(!!!main)
    __scatterload                            0x0800012d   Thumb Code     0  __scatter.o(!!!scatter)
    __scatterload_rt2                        0x0800012d   Thumb Code    44  __scatter.o(!!!scatter)
    __scatterload_rt2_thumb_only             0x0800012d   Thumb Code     0  __scatter.o(!!!scatter)
    __scatterload_null                       0x0800013b   Thumb Code     0  __scatter.o(!!!scatter)
    __scatterload_copy                       0x08000161   Thumb Code    26  __scatter_copy.o(!!handler_copy)
    __scatterload_zeroinit                   0x0800017d   Thumb Code    28  __scatter_zi.o(!!handler_zi)
    _printf_d                                0x08000199   Thumb Code     0  _printf_d.o(.ARM.Collect$$_printf_percent$$00000009)
    _printf_percent                          0x08000199   Thumb Code     0  _printf_percent.o(.ARM.Collect$$_printf_percent$$00000000)
    _printf_percent_end                      0x0800019f   Thumb Code     0  _printf_percent_end.o(.ARM.Collect$$_printf_percent$$00000017)
    __rt_lib_init                            0x080001a3   Thumb Code     0  libinit.o(.ARM.Collect$$libinit$$00000000)
    __rt_lib_init_alloca_1                   0x080001a5   Thumb Code     0  libinit2.o(.ARM.Collect$$libinit$$0000002E)
    __rt_lib_init_argv_1                     0x080001a5   Thumb Code     0  libinit2.o(.ARM.Collect$$libinit$$0000002C)
    __rt_lib_init_atexit_1                   0x080001a5   Thumb Code     0  libinit2.o(.ARM.Collect$$libinit$$0000001B)
    __rt_lib_init_clock_1                    0x080001a5   Thumb Code     0  libinit2.o(.ARM.Collect$$libinit$$00000021)
    __rt_lib_init_cpp_1                      0x080001a5   Thumb Code     0  libinit2.o(.ARM.Collect$$libinit$$00000032)
    __rt_lib_init_exceptions_1               0x080001a5   Thumb Code     0  libinit2.o(.ARM.Collect$$libinit$$00000030)
    __rt_lib_init_fp_1                       0x080001a5   Thumb Code     0  libinit2.o(.ARM.Collect$$libinit$$00000002)
    __rt_lib_init_fp_trap_1                  0x080001a5   Thumb Code     0  libinit2.o(.ARM.Collect$$libinit$$0000001F)
    __rt_lib_init_getenv_1                   0x080001a5   Thumb Code     0  libinit2.o(.ARM.Collect$$libinit$$00000023)
    __rt_lib_init_heap_1                     0x080001a5   Thumb Code     0  libinit2.o(.ARM.Collect$$libinit$$0000000A)
    __rt_lib_init_lc_collate_1               0x080001a5   Thumb Code     0  libinit2.o(.ARM.Collect$$libinit$$00000011)
    __rt_lib_init_lc_ctype_1                 0x080001a5   Thumb Code     0  libinit2.o(.ARM.Collect$$libinit$$00000013)
    __rt_lib_init_lc_monetary_1              0x080001a5   Thumb Code     0  libinit2.o(.ARM.Collect$$libinit$$00000015)
    __rt_lib_init_lc_numeric_1               0x080001a5   Thumb Code     0  libinit2.o(.ARM.Collect$$libinit$$00000017)
    __rt_lib_init_lc_time_1                  0x080001a5   Thumb Code     0  libinit2.o(.ARM.Collect$$libinit$$00000019)
    __rt_lib_init_preinit_1                  0x080001a5   Thumb Code     0  libinit2.o(.ARM.Collect$$libinit$$00000004)
    __rt_lib_init_rand_1                     0x080001a5   Thumb Code     0  libinit2.o(.ARM.Collect$$libinit$$0000000E)
    __rt_lib_init_return                     0x080001a5   Thumb Code     0  libinit2.o(.ARM.Collect$$libinit$$00000033)
    __rt_lib_init_signal_1                   0x080001a5   Thumb Code     0  libinit2.o(.ARM.Collect$$libinit$$0000001D)
    __rt_lib_init_stdio_1                    0x080001a5   Thumb Code     0  libinit2.o(.ARM.Collect$$libinit$$00000025)
    __rt_lib_init_user_alloc_1               0x080001a5   Thumb Code     0  libinit2.o(.ARM.Collect$$libinit$$0000000C)
    __rt_lib_shutdown                        0x080001a7   Thumb Code     0  libshutdown.o(.ARM.Collect$$libshutdown$$00000000)
    __rt_lib_shutdown_cpp_1                  0x080001a9   Thumb Code     0  libshutdown2.o(.ARM.Collect$$libshutdown$$00000002)
    __rt_lib_shutdown_fp_trap_1              0x080001a9   Thumb Code     0  libshutdown2.o(.ARM.Collect$$libshutdown$$00000007)
    __rt_lib_shutdown_heap_1                 0x080001a9   Thumb Code     0  libshutdown2.o(.ARM.Collect$$libshutdown$$0000000F)
    __rt_lib_shutdown_return                 0x080001a9   Thumb Code     0  libshutdown2.o(.ARM.Collect$$libshutdown$$00000010)
    __rt_lib_shutdown_signal_1               0x080001a9   Thumb Code     0  libshutdown2.o(.ARM.Collect$$libshutdown$$0000000A)
    __rt_lib_shutdown_stdio_1                0x080001a9   Thumb Code     0  libshutdown2.o(.ARM.Collect$$libshutdown$$00000004)
    __rt_lib_shutdown_user_alloc_1           0x080001a9   Thumb Code     0  libshutdown2.o(.ARM.Collect$$libshutdown$$0000000C)
    __rt_entry                               0x080001ab   Thumb Code     0  __rtentry.o(.ARM.Collect$$rtentry$$00000000)
    __rt_entry_presh_1                       0x080001ab   Thumb Code     0  __rtentry2.o(.ARM.Collect$$rtentry$$00000002)
    __rt_entry_sh                            0x080001ab   Thumb Code     0  __rtentry4.o(.ARM.Collect$$rtentry$$00000004)
    __rt_entry_li                            0x080001b1   Thumb Code     0  __rtentry2.o(.ARM.Collect$$rtentry$$0000000A)
    __rt_entry_postsh_1                      0x080001b1   Thumb Code     0  __rtentry2.o(.ARM.Collect$$rtentry$$00000009)
    __rt_entry_main                          0x080001b5   Thumb Code     0  __rtentry2.o(.ARM.Collect$$rtentry$$0000000D)
    __rt_entry_postli_1                      0x080001b5   Thumb Code     0  __rtentry2.o(.ARM.Collect$$rtentry$$0000000C)
    __rt_exit                                0x080001bd   Thumb Code     0  rtexit.o(.ARM.Collect$$rtexit$$00000000)
    __rt_exit_ls                             0x080001bf   Thumb Code     0  rtexit2.o(.ARM.Collect$$rtexit$$00000003)
    __rt_exit_prels_1                        0x080001bf   Thumb Code     0  rtexit2.o(.ARM.Collect$$rtexit$$00000002)
    __rt_exit_exit                           0x080001c3   Thumb Code     0  rtexit2.o(.ARM.Collect$$rtexit$$00000004)
    Reset_Handler                            0x080001c9   Thumb Code     8  startup_stm32l151xc.o(.text)
    ADC1_IRQHandler                          0x080001e3   Thumb Code     0  startup_stm32l151xc.o(.text)
    COMP_ACQ_IRQHandler                      0x080001e3   Thumb Code     0  startup_stm32l151xc.o(.text)
    COMP_IRQHandler                          0x080001e3   Thumb Code     0  startup_stm32l151xc.o(.text)
    DAC_IRQHandler                           0x080001e3   Thumb Code     0  startup_stm32l151xc.o(.text)
    DMA1_Channel1_IRQHandler                 0x080001e3   Thumb Code     0  startup_stm32l151xc.o(.text)
    DMA1_Channel2_IRQHandler                 0x080001e3   Thumb Code     0  startup_stm32l151xc.o(.text)
    DMA1_Channel3_IRQHandler                 0x080001e3   Thumb Code     0  startup_stm32l151xc.o(.text)
    DMA1_Channel4_IRQHandler                 0x080001e3   Thumb Code     0  startup_stm32l151xc.o(.text)
    DMA1_Channel5_IRQHandler                 0x080001e3   Thumb Code     0  startup_stm32l151xc.o(.text)
    DMA1_Channel6_IRQHandler                 0x080001e3   Thumb Code     0  startup_stm32l151xc.o(.text)
    DMA1_Channel7_IRQHandler                 0x080001e3   Thumb Code     0  startup_stm32l151xc.o(.text)
    DMA2_Channel1_IRQHandler                 0x080001e3   Thumb Code     0  startup_stm32l151xc.o(.text)
    DMA2_Channel2_IRQHandler                 0x080001e3   Thumb Code     0  startup_stm32l151xc.o(.text)
    DMA2_Channel3_IRQHandler                 0x080001e3   Thumb Code     0  startup_stm32l151xc.o(.text)
    DMA2_Channel4_IRQHandler                 0x080001e3   Thumb Code     0  startup_stm32l151xc.o(.text)
    DMA2_Channel5_IRQHandler                 0x080001e3   Thumb Code     0  startup_stm32l151xc.o(.text)
    EXTI0_IRQHandler                         0x080001e3   Thumb Code     0  startup_stm32l151xc.o(.text)
    EXTI15_10_IRQHandler                     0x080001e3   Thumb Code     0  startup_stm32l151xc.o(.text)
    EXTI1_IRQHandler                         0x080001e3   Thumb Code     0  startup_stm32l151xc.o(.text)
    EXTI2_IRQHandler                         0x080001e3   Thumb Code     0  startup_stm32l151xc.o(.text)
    EXTI3_IRQHandler                         0x080001e3   Thumb Code     0  startup_stm32l151xc.o(.text)
    EXTI4_IRQHandler                         0x080001e3   Thumb Code     0  startup_stm32l151xc.o(.text)
    EXTI9_5_IRQHandler                       0x080001e3   Thumb Code     0  startup_stm32l151xc.o(.text)
    FLASH_IRQHandler                         0x080001e3   Thumb Code     0  startup_stm32l151xc.o(.text)
    I2C1_ER_IRQHandler                       0x080001e3   Thumb Code     0  startup_stm32l151xc.o(.text)
    I2C1_EV_IRQHandler                       0x080001e3   Thumb Code     0  startup_stm32l151xc.o(.text)
    I2C2_ER_IRQHandler                       0x080001e3   Thumb Code     0  startup_stm32l151xc.o(.text)
    I2C2_EV_IRQHandler                       0x080001e3   Thumb Code     0  startup_stm32l151xc.o(.text)
    PVD_IRQHandler                           0x080001e3   Thumb Code     0  startup_stm32l151xc.o(.text)
    RCC_IRQHandler                           0x080001e3   Thumb Code     0  startup_stm32l151xc.o(.text)
    RTC_Alarm_IRQHandler                     0x080001e3   Thumb Code     0  startup_stm32l151xc.o(.text)
    RTC_WKUP_IRQHandler                      0x080001e3   Thumb Code     0  startup_stm32l151xc.o(.text)
    SPI1_IRQHandler                          0x080001e3   Thumb Code     0  startup_stm32l151xc.o(.text)
    SPI2_IRQHandler                          0x080001e3   Thumb Code     0  startup_stm32l151xc.o(.text)
    SPI3_IRQHandler                          0x080001e3   Thumb Code     0  startup_stm32l151xc.o(.text)
    TAMPER_STAMP_IRQHandler                  0x080001e3   Thumb Code     0  startup_stm32l151xc.o(.text)
    TIM10_IRQHandler                         0x080001e3   Thumb Code     0  startup_stm32l151xc.o(.text)
    TIM11_IRQHandler                         0x080001e3   Thumb Code     0  startup_stm32l151xc.o(.text)
    TIM2_IRQHandler                          0x080001e3   Thumb Code     0  startup_stm32l151xc.o(.text)
    TIM3_IRQHandler                          0x080001e3   Thumb Code     0  startup_stm32l151xc.o(.text)
    TIM4_IRQHandler                          0x080001e3   Thumb Code     0  startup_stm32l151xc.o(.text)
    TIM5_IRQHandler                          0x080001e3   Thumb Code     0  startup_stm32l151xc.o(.text)
    TIM6_IRQHandler                          0x080001e3   Thumb Code     0  startup_stm32l151xc.o(.text)
    TIM7_IRQHandler                          0x080001e3   Thumb Code     0  startup_stm32l151xc.o(.text)
    TIM9_IRQHandler                          0x080001e3   Thumb Code     0  startup_stm32l151xc.o(.text)
    USART1_IRQHandler                        0x080001e3   Thumb Code     0  startup_stm32l151xc.o(.text)
    USB_FS_WKUP_IRQHandler                   0x080001e3   Thumb Code     0  startup_stm32l151xc.o(.text)
    USB_HP_IRQHandler                        0x080001e3   Thumb Code     0  startup_stm32l151xc.o(.text)
    USB_LP_IRQHandler                        0x080001e3   Thumb Code     0  startup_stm32l151xc.o(.text)
    WWDG_IRQHandler                          0x080001e3   Thumb Code     0  startup_stm32l151xc.o(.text)
    __user_initial_stackheap                 0x080001e5   Thumb Code     0  startup_stm32l151xc.o(.text)
    __aeabi_uldivmod                         0x08000209   Thumb Code     0  lludivv7m.o(.text)
    _ll_udiv                                 0x08000209   Thumb Code   238  lludivv7m.o(.text)
    __2sprintf                               0x080002f9   Thumb Code    34  noretval__2sprintf.o(.text)
    __printf                                 0x08000321   Thumb Code   104  __printf.o(.text)
    _printf_int_dec                          0x08000389   Thumb Code   104  _printf_dec.o(.text)
    strlen                                   0x08000401   Thumb Code    62  strlen.o(.text)
    __aeabi_memclr4                          0x0800043f   Thumb Code     0  rt_memclr_w.o(.text)
    __aeabi_memclr8                          0x0800043f   Thumb Code     0  rt_memclr_w.o(.text)
    __rt_memclr_w                            0x0800043f   Thumb Code    78  rt_memclr_w.o(.text)
    _memset_w                                0x08000443   Thumb Code     0  rt_memclr_w.o(.text)
    __use_two_region_memory                  0x0800048d   Thumb Code     2  heapauxi.o(.text)
    __rt_heap_escrow                         0x0800048f   Thumb Code     2  heapauxi.o(.text)
    __rt_heap_expand                         0x08000491   Thumb Code     2  heapauxi.o(.text)
    _printf_int_common                       0x08000493   Thumb Code   178  _printf_intcommon.o(.text)
    _printf_char_common                      0x0800054f   Thumb Code    32  _printf_char_common.o(.text)
    _sputc                                   0x08000575   Thumb Code    10  _sputc.o(.text)
    __user_libspace                          0x08000581   Thumb Code     8  libspace.o(.text)
    __user_perproc_libspace                  0x08000581   Thumb Code     0  libspace.o(.text)
    __user_perthread_libspace                0x08000581   Thumb Code     0  libspace.o(.text)
    __I$use$semihosting                      0x08000589   Thumb Code     0  use_no_semi.o(.text)
    __use_no_semihosting_swi                 0x08000589   Thumb Code     2  use_no_semi.o(.text)
    __semihosting_library_function           0x0800058b   Thumb Code     0  indicate_semi.o(.text)
    __user_setup_stackheap                   0x0800058b   Thumb Code    74  sys_stackheap_outer.o(.text)
    exit                                     0x080005d5   Thumb Code    18  exit.o(.text)
    _sys_exit                                0x080005e9   Thumb Code     8  sys_exit.o(.text)
    BusFault_Handler                         0x080005f5   Thumb Code     2  stm32l1xx_it.o(i.BusFault_Handler)
    Check_CountBuffer_Complete_Uart          0x080005f9   Thumb Code    96  user_uart.o(i.Check_CountBuffer_Complete_Uart)
    DebugMon_Handler                         0x0800065d   Thumb Code     2  stm32l1xx_it.o(i.DebugMon_Handler)
    Delete_Buffer                            0x08000661   Thumb Code    30  user_uart.o(i.Delete_Buffer)
    HAL_DMA_Abort                            0x08000685   Thumb Code    74  stm32l1xx_hal_dma.o(i.HAL_DMA_Abort)
    HAL_DMA_Abort_IT                         0x080006cf   Thumb Code    78  stm32l1xx_hal_dma.o(i.HAL_DMA_Abort_IT)
    HAL_Delay                                0x0800071d   Thumb Code    32  stm32l1xx_hal.o(i.HAL_Delay)
    HAL_GPIO_Init                            0x08000741   Thumb Code   530  stm32l1xx_hal_gpio.o(i.HAL_GPIO_Init)
    HAL_GPIO_WritePin                        0x08000975   Thumb Code    10  stm32l1xx_hal_gpio.o(i.HAL_GPIO_WritePin)
    HAL_GetTick                              0x08000981   Thumb Code     6  stm32l1xx_hal.o(i.HAL_GetTick)
    HAL_I2C_Init                             0x0800098d   Thumb Code   376  stm32l1xx_hal_i2c.o(i.HAL_I2C_Init)
    HAL_I2C_Master_Receive                   0x08000b15   Thumb Code   468  stm32l1xx_hal_i2c.o(i.HAL_I2C_Master_Receive)
    HAL_I2C_Master_Transmit                  0x08000cf5   Thumb Code   290  stm32l1xx_hal_i2c.o(i.HAL_I2C_Master_Transmit)
    HAL_I2C_MspInit                          0x08000e21   Thumb Code    94  stm32l1xx_hal_msp.o(i.HAL_I2C_MspInit)
    HAL_IncTick                              0x08000e8d   Thumb Code    12  stm32l1xx_hal.o(i.HAL_IncTick)
    HAL_Init                                 0x08000e9d   Thumb Code    30  stm32l1xx_hal.o(i.HAL_Init)
    HAL_InitTick                             0x08000ebd   Thumb Code    58  stm32l1xx_hal.o(i.HAL_InitTick)
    HAL_MspInit                              0x08000f01   Thumb Code    56  stm32l1xx_hal_msp.o(i.HAL_MspInit)
    HAL_NVIC_EnableIRQ                       0x08000f3d   Thumb Code    26  stm32l1xx_hal_cortex.o(i.HAL_NVIC_EnableIRQ)
    HAL_NVIC_SetPriority                     0x08000f59   Thumb Code    60  stm32l1xx_hal_cortex.o(i.HAL_NVIC_SetPriority)
    HAL_NVIC_SetPriorityGrouping             0x08000f99   Thumb Code    26  stm32l1xx_hal_cortex.o(i.HAL_NVIC_SetPriorityGrouping)
    HAL_RCC_ClockConfig                      0x08000fbd   Thumb Code   400  stm32l1xx_hal_rcc.o(i.HAL_RCC_ClockConfig)
    HAL_RCC_GetPCLK1Freq                     0x08001161   Thumb Code    20  stm32l1xx_hal_rcc.o(i.HAL_RCC_GetPCLK1Freq)
    HAL_RCC_GetPCLK2Freq                     0x08001181   Thumb Code    20  stm32l1xx_hal_rcc.o(i.HAL_RCC_GetPCLK2Freq)
    HAL_RCC_GetSysClockFreq                  0x080011a1   Thumb Code    86  stm32l1xx_hal_rcc.o(i.HAL_RCC_GetSysClockFreq)
    HAL_RCC_OscConfig                        0x08001209   Thumb Code  1064  stm32l1xx_hal_rcc.o(i.HAL_RCC_OscConfig)
    HAL_SYSTICK_Callback                     0x08001631   Thumb Code     2  main.o(i.HAL_SYSTICK_Callback)
    HAL_SYSTICK_Config                       0x08001633   Thumb Code    40  stm32l1xx_hal_cortex.o(i.HAL_SYSTICK_Config)
    HAL_SYSTICK_IRQHandler                   0x0800165b   Thumb Code     8  stm32l1xx_hal_cortex.o(i.HAL_SYSTICK_IRQHandler)
    HAL_UARTEx_RxEventCallback               0x08001663   Thumb Code     2  stm32l1xx_hal_uart.o(i.HAL_UARTEx_RxEventCallback)
    HAL_UART_ErrorCallback                   0x08001665   Thumb Code     2  stm32l1xx_hal_uart.o(i.HAL_UART_ErrorCallback)
    HAL_UART_IRQHandler                      0x08001669   Thumb Code   520  stm32l1xx_hal_uart.o(i.HAL_UART_IRQHandler)
    HAL_UART_Init                            0x08001875   Thumb Code    98  stm32l1xx_hal_uart.o(i.HAL_UART_Init)
    HAL_UART_MspInit                         0x080018d9   Thumb Code   184  stm32l1xx_hal_msp.o(i.HAL_UART_MspInit)
    HAL_UART_Receive_IT                      0x080019a5   Thumb Code    42  stm32l1xx_hal_uart.o(i.HAL_UART_Receive_IT)
    HAL_UART_RxCpltCallback                  0x080019d1   Thumb Code    40  main.o(i.HAL_UART_RxCpltCallback)
    HAL_UART_Transmit                        0x08001a01   Thumb Code   178  stm32l1xx_hal_uart.o(i.HAL_UART_Transmit)
    HAL_UART_TxCpltCallback                  0x08001ab3   Thumb Code     2  stm32l1xx_hal_uart.o(i.HAL_UART_TxCpltCallback)
    HS300X_Start_Measurement                 0x08001ab5   Thumb Code   202  hs300x.o(i.HS300X_Start_Measurement)
    HardFault_Handler                        0x08001b95   Thumb Code     2  stm32l1xx_it.o(i.HardFault_Handler)
    MemManage_Handler                        0x08001fdd   Thumb Code     2  stm32l1xx_it.o(i.MemManage_Handler)
    ModRTU_CRC                               0x08001fdf   Thumb Code    44  user_modbus_rtu.o(i.ModRTU_CRC)
    ModRTU_Master_Read_Frame                 0x0800200b   Thumb Code    58  user_modbus_rtu.o(i.ModRTU_Master_Read_Frame)
    Modbus_RTU_Master                        0x08002045   Thumb Code    82  main.o(i.Modbus_RTU_Master)
    NMI_Handler                              0x080020a1   Thumb Code     2  stm32l1xx_it.o(i.NMI_Handler)
    PendSV_Handler                           0x080020a3   Thumb Code     2  stm32l1xx_it.o(i.PendSV_Handler)
    SVC_Handler                              0x08002125   Thumb Code     2  stm32l1xx_it.o(i.SVC_Handler)
    SysTick_Handler                          0x08002127   Thumb Code    14  stm32l1xx_it.o(i.SysTick_Handler)
    SystemClock_Config                       0x08002135   Thumb Code    94  main.o(i.SystemClock_Config)
    SystemInit                               0x08002199   Thumb Code     2  system_stm32l1xx.o(i.SystemInit)
    UART_Start_Receive_IT                    0x080023ad   Thumb Code    54  stm32l1xx_hal_uart.o(i.UART_Start_Receive_IT)
    USART2_IRQHandler                        0x08002449   Thumb Code     6  stm32l1xx_it.o(i.USART2_IRQHandler)
    USART3_IRQHandler                        0x08002455   Thumb Code     6  stm32l1xx_it.o(i.USART3_IRQHandler)
    UsageFault_Handler                       0x08002461   Thumb Code     2  stm32l1xx_it.o(i.UsageFault_Handler)
    main                                     0x08002485   Thumb Code   604  main.o(i.main)
    __aeabi_dadd                             0x08002759   Thumb Code     0  daddsub_clz.o(x$fpl$dadd)
    _dadd                                    0x08002759   Thumb Code   332  daddsub_clz.o(x$fpl$dadd)
    __aeabi_ddiv                             0x080028a9   Thumb Code     0  ddiv.o(x$fpl$ddiv)
    _ddiv                                    0x080028a9   Thumb Code   552  ddiv.o(x$fpl$ddiv)
    __aeabi_d2iz                             0x08002b59   Thumb Code     0  dfix.o(x$fpl$dfix)
    _dfix                                    0x08002b59   Thumb Code    94  dfix.o(x$fpl$dfix)
    __aeabi_ui2d                             0x08002bb7   Thumb Code     0  dflt_clz.o(x$fpl$dfltu)
    _dfltu                                   0x08002bb7   Thumb Code    38  dflt_clz.o(x$fpl$dfltu)
    __aeabi_dmul                             0x08002bdd   Thumb Code     0  dmul.o(x$fpl$dmul)
    _dmul                                    0x08002bdd   Thumb Code   332  dmul.o(x$fpl$dmul)
    __fpl_dnaninf                            0x08002d31   Thumb Code   156  dnaninf.o(x$fpl$dnaninf)
    __fpl_dretinf                            0x08002dcd   Thumb Code    12  dretinf.o(x$fpl$dretinf)
    __aeabi_dsub                             0x08002dd9   Thumb Code     0  daddsub_clz.o(x$fpl$dsub)
    _dsub                                    0x08002dd9   Thumb Code   464  daddsub_clz.o(x$fpl$dsub)
    PLLMulTable                              0x08002fac   Data           9  system_stm32l1xx.o(.constdata)
    __I$use$fp                               0x08002fac   Number         0  usenofp.o(x$fpl$usenofp)
    AHBPrescTable                            0x08002fb5   Data          16  system_stm32l1xx.o(.constdata)
    APBPrescTable                            0x08002fc5   Data           8  system_stm32l1xx.o(.constdata)
    Region$$Table$$Base                      0x08002fd0   Number         0  anon$$obj.o(Region$$Table)
    Region$$Table$$Limit                     0x08002ff0   Number         0  anon$$obj.o(Region$$Table)
    Number_Error_HS300X_u8                   0x20000000   Data           1  hs300x.o(.data)
    check_countBuffer_uart                   0x20000004   Data           2  user_uart.o(.data)
    State_systick_countBuffer_uart           0x20000006   Data           2  user_uart.o(.data)
    a                                        0x20000008   Data           2  user_uart.o(.data)
    Get_systick_countBuffer_uart             0x2000000c   Data           4  user_uart.o(.data)
    check_address_slave                      0x20000010   Data           1  main.o(.data)
    address_Tx                               0x20000011   Data           1  main.o(.data)
    Tem                                      0x20000012   Data           2  main.o(.data)
    Humi                                     0x20000014   Data           2  main.o(.data)
    temRx                                    0x20000016   Data           2  main.o(.data)
    humiRx                                   0x20000018   Data           2  main.o(.data)
    aTemperature                             0x2000001a   Data           2  main.o(.data)
    aHumidity                                0x2000001c   Data           2  main.o(.data)
    Time_Sampling                            0x20000020   Data           4  main.o(.data)
    GetTick_Ms                               0x20000024   Data           4  main.o(.data)
    getTick_transmit_uart                    0x20000028   Data           4  main.o(.data)
    ptr                                      0x2000002c   Data           4  main.o(.data)
    uwTickPrio                               0x20000030   Data           4  stm32l1xx_hal.o(.data)
    uwTickFreq                               0x20000034   Data           4  stm32l1xx_hal.o(.data)
    uwTick                                   0x20000038   Data           4  stm32l1xx_hal.o(.data)
    SystemCoreClock                          0x2000003c   Data           4  system_stm32l1xx.o(.data)
    T                                        0x20000040   Data          20  main.o(.bss)
    H                                        0x20000054   Data          20  main.o(.bss)
    hi2c2                                    0x20000068   Data          84  main.o(.bss)
    huart2                                   0x200000bc   Data          68  main.o(.bss)
    huart3                                   0x20000100   Data          68  main.o(.bss)
    Tem_Uart_1                               0x20000144   Data         100  main.o(.bss)
    Tem_Uart_2                               0x200001a8   Data         100  main.o(.bss)
    sUart2                                   0x2000020c   Data          28  main.o(.bss)
    __libspace_start                         0x20000228   Data          96  libspace.o(.bss)
    __temporary_stack_top$libspace           0x20000288   Data           0  libspace.o(.bss)



==============================================================================

Memory Map of the image

  Image Entry point : 0x08000125

  Load Region LR_IROM1 (Base: 0x08000000, Size: 0x00003030, Max: 0x00040000, ABSOLUTE)

    Execution Region ER_IROM1 (Exec base: 0x08000000, Load base: 0x08000000, Size: 0x00002ff0, Max: 0x00040000, ABSOLUTE)

    Exec Addr    Load Addr    Size         Type   Attr      Idx    E Section Name        Object

    0x08000000   0x08000000   0x00000124   Data   RO            3    RESET               startup_stm32l151xc.o
    0x08000124   0x08000124   0x00000008   Code   RO         2708  * !!!main             c_w.l(__main.o)
    0x0800012c   0x0800012c   0x00000034   Code   RO         2957    !!!scatter          c_w.l(__scatter.o)
    0x08000160   0x08000160   0x0000001a   Code   RO         2959    !!handler_copy      c_w.l(__scatter_copy.o)
    0x0800017a   0x0800017a   0x00000002   PAD
    0x0800017c   0x0800017c   0x0000001c   Code   RO         2961    !!handler_zi        c_w.l(__scatter_zi.o)
    0x08000198   0x08000198   0x00000000   Code   RO         2701    .ARM.Collect$$_printf_percent$$00000000  c_w.l(_printf_percent.o)
    0x08000198   0x08000198   0x00000006   Code   RO         2700    .ARM.Collect$$_printf_percent$$00000009  c_w.l(_printf_d.o)
    0x0800019e   0x0800019e   0x00000004   Code   RO         2770    .ARM.Collect$$_printf_percent$$00000017  c_w.l(_printf_percent_end.o)
    0x080001a2   0x080001a2   0x00000002   Code   RO         2896    .ARM.Collect$$libinit$$00000000  c_w.l(libinit.o)
    0x080001a4   0x080001a4   0x00000000   Code   RO         2776    .ARM.Collect$$libinit$$00000002  c_w.l(libinit2.o)
    0x080001a4   0x080001a4   0x00000000   Code   RO         2778    .ARM.Collect$$libinit$$00000004  c_w.l(libinit2.o)
    0x080001a4   0x080001a4   0x00000000   Code   RO         2781    .ARM.Collect$$libinit$$0000000A  c_w.l(libinit2.o)
    0x080001a4   0x080001a4   0x00000000   Code   RO         2783    .ARM.Collect$$libinit$$0000000C  c_w.l(libinit2.o)
    0x080001a4   0x080001a4   0x00000000   Code   RO         2785    .ARM.Collect$$libinit$$0000000E  c_w.l(libinit2.o)
    0x080001a4   0x080001a4   0x00000000   Code   RO         2788    .ARM.Collect$$libinit$$00000011  c_w.l(libinit2.o)
    0x080001a4   0x080001a4   0x00000000   Code   RO         2790    .ARM.Collect$$libinit$$00000013  c_w.l(libinit2.o)
    0x080001a4   0x080001a4   0x00000000   Code   RO         2792    .ARM.Collect$$libinit$$00000015  c_w.l(libinit2.o)
    0x080001a4   0x080001a4   0x00000000   Code   RO         2794    .ARM.Collect$$libinit$$00000017  c_w.l(libinit2.o)
    0x080001a4   0x080001a4   0x00000000   Code   RO         2796    .ARM.Collect$$libinit$$00000019  c_w.l(libinit2.o)
    0x080001a4   0x080001a4   0x00000000   Code   RO         2798    .ARM.Collect$$libinit$$0000001B  c_w.l(libinit2.o)
    0x080001a4   0x080001a4   0x00000000   Code   RO         2800    .ARM.Collect$$libinit$$0000001D  c_w.l(libinit2.o)
    0x080001a4   0x080001a4   0x00000000   Code   RO         2802    .ARM.Collect$$libinit$$0000001F  c_w.l(libinit2.o)
    0x080001a4   0x080001a4   0x00000000   Code   RO         2804    .ARM.Collect$$libinit$$00000021  c_w.l(libinit2.o)
    0x080001a4   0x080001a4   0x00000000   Code   RO         2806    .ARM.Collect$$libinit$$00000023  c_w.l(libinit2.o)
    0x080001a4   0x080001a4   0x00000000   Code   RO         2808    .ARM.Collect$$libinit$$00000025  c_w.l(libinit2.o)
    0x080001a4   0x080001a4   0x00000000   Code   RO         2812    .ARM.Collect$$libinit$$0000002C  c_w.l(libinit2.o)
    0x080001a4   0x080001a4   0x00000000   Code   RO         2814    .ARM.Collect$$libinit$$0000002E  c_w.l(libinit2.o)
    0x080001a4   0x080001a4   0x00000000   Code   RO         2816    .ARM.Collect$$libinit$$00000030  c_w.l(libinit2.o)
    0x080001a4   0x080001a4   0x00000000   Code   RO         2818    .ARM.Collect$$libinit$$00000032  c_w.l(libinit2.o)
    0x080001a4   0x080001a4   0x00000002   Code   RO         2819    .ARM.Collect$$libinit$$00000033  c_w.l(libinit2.o)
    0x080001a6   0x080001a6   0x00000002   Code   RO         2954    .ARM.Collect$$libshutdown$$00000000  c_w.l(libshutdown.o)
    0x080001a8   0x080001a8   0x00000000   Code   RO         2912    .ARM.Collect$$libshutdown$$00000002  c_w.l(libshutdown2.o)
    0x080001a8   0x080001a8   0x00000000   Code   RO         2914    .ARM.Collect$$libshutdown$$00000004  c_w.l(libshutdown2.o)
    0x080001a8   0x080001a8   0x00000000   Code   RO         2917    .ARM.Collect$$libshutdown$$00000007  c_w.l(libshutdown2.o)
    0x080001a8   0x080001a8   0x00000000   Code   RO         2920    .ARM.Collect$$libshutdown$$0000000A  c_w.l(libshutdown2.o)
    0x080001a8   0x080001a8   0x00000000   Code   RO         2922    .ARM.Collect$$libshutdown$$0000000C  c_w.l(libshutdown2.o)
    0x080001a8   0x080001a8   0x00000000   Code   RO         2925    .ARM.Collect$$libshutdown$$0000000F  c_w.l(libshutdown2.o)
    0x080001a8   0x080001a8   0x00000002   Code   RO         2926    .ARM.Collect$$libshutdown$$00000010  c_w.l(libshutdown2.o)
    0x080001aa   0x080001aa   0x00000000   Code   RO         2734    .ARM.Collect$$rtentry$$00000000  c_w.l(__rtentry.o)
    0x080001aa   0x080001aa   0x00000000   Code   RO         2831    .ARM.Collect$$rtentry$$00000002  c_w.l(__rtentry2.o)
    0x080001aa   0x080001aa   0x00000006   Code   RO         2843    .ARM.Collect$$rtentry$$00000004  c_w.l(__rtentry4.o)
    0x080001b0   0x080001b0   0x00000000   Code   RO         2833    .ARM.Collect$$rtentry$$00000009  c_w.l(__rtentry2.o)
    0x080001b0   0x080001b0   0x00000004   Code   RO         2834    .ARM.Collect$$rtentry$$0000000A  c_w.l(__rtentry2.o)
    0x080001b4   0x080001b4   0x00000000   Code   RO         2836    .ARM.Collect$$rtentry$$0000000C  c_w.l(__rtentry2.o)
    0x080001b4   0x080001b4   0x00000008   Code   RO         2837    .ARM.Collect$$rtentry$$0000000D  c_w.l(__rtentry2.o)
    0x080001bc   0x080001bc   0x00000002   Code   RO         2899    .ARM.Collect$$rtexit$$00000000  c_w.l(rtexit.o)
    0x080001be   0x080001be   0x00000000   Code   RO         2930    .ARM.Collect$$rtexit$$00000002  c_w.l(rtexit2.o)
    0x080001be   0x080001be   0x00000004   Code   RO         2931    .ARM.Collect$$rtexit$$00000003  c_w.l(rtexit2.o)
    0x080001c2   0x080001c2   0x00000006   Code   RO         2932    .ARM.Collect$$rtexit$$00000004  c_w.l(rtexit2.o)
    0x080001c8   0x080001c8   0x00000040   Code   RO            4    .text               startup_stm32l151xc.o
    0x08000208   0x08000208   0x000000ee   Code   RO         2670    .text               c_w.l(lludivv7m.o)
    0x080002f6   0x080002f6   0x00000002   PAD
    0x080002f8   0x080002f8   0x00000028   Code   RO         2674    .text               c_w.l(noretval__2sprintf.o)
    0x08000320   0x08000320   0x00000068   Code   RO         2676    .text               c_w.l(__printf.o)
    0x08000388   0x08000388   0x00000078   Code   RO         2678    .text               c_w.l(_printf_dec.o)
    0x08000400   0x08000400   0x0000003e   Code   RO         2702    .text               c_w.l(strlen.o)
    0x0800043e   0x0800043e   0x0000004e   Code   RO         2704    .text               c_w.l(rt_memclr_w.o)
    0x0800048c   0x0800048c   0x00000006   Code   RO         2706    .text               c_w.l(heapauxi.o)
    0x08000492   0x08000492   0x000000b2   Code   RO         2764    .text               c_w.l(_printf_intcommon.o)
    0x08000544   0x08000544   0x00000030   Code   RO         2766    .text               c_w.l(_printf_char_common.o)
    0x08000574   0x08000574   0x0000000a   Code   RO         2768    .text               c_w.l(_sputc.o)
    0x0800057e   0x0800057e   0x00000002   PAD
    0x08000580   0x08000580   0x00000008   Code   RO         2827    .text               c_w.l(libspace.o)
    0x08000588   0x08000588   0x00000002   Code   RO         2868    .text               c_w.l(use_no_semi.o)
    0x0800058a   0x0800058a   0x00000000   Code   RO         2870    .text               c_w.l(indicate_semi.o)
    0x0800058a   0x0800058a   0x0000004a   Code   RO         2871    .text               c_w.l(sys_stackheap_outer.o)
    0x080005d4   0x080005d4   0x00000012   Code   RO         2877    .text               c_w.l(exit.o)
    0x080005e6   0x080005e6   0x00000002   PAD
    0x080005e8   0x080005e8   0x0000000c   Code   RO         2897    .text               c_w.l(sys_exit.o)
    0x080005f4   0x080005f4   0x00000002   Code   RO          418    i.BusFault_Handler  stm32l1xx_it.o
    0x080005f6   0x080005f6   0x00000002   PAD
    0x080005f8   0x080005f8   0x00000064   Code   RO          201    i.Check_CountBuffer_Complete_Uart  user_uart.o
    0x0800065c   0x0800065c   0x00000002   Code   RO          419    i.DebugMon_Handler  stm32l1xx_it.o
    0x0800065e   0x0800065e   0x00000002   PAD
    0x08000660   0x08000660   0x00000024   Code   RO          202    i.Delete_Buffer     user_uart.o
    0x08000684   0x08000684   0x0000004a   Code   RO         1697    i.HAL_DMA_Abort     stm32l1xx_hal_dma.o
    0x080006ce   0x080006ce   0x0000004e   Code   RO         1698    i.HAL_DMA_Abort_IT  stm32l1xx_hal_dma.o
    0x0800071c   0x0800071c   0x00000024   Code   RO          996    i.HAL_Delay         stm32l1xx_hal.o
    0x08000740   0x08000740   0x00000234   Code   RO         1633    i.HAL_GPIO_Init     stm32l1xx_hal_gpio.o
    0x08000974   0x08000974   0x0000000a   Code   RO         1637    i.HAL_GPIO_WritePin  stm32l1xx_hal_gpio.o
    0x0800097e   0x0800097e   0x00000002   PAD
    0x08000980   0x08000980   0x0000000c   Code   RO         1000    i.HAL_GetTick       stm32l1xx_hal.o
    0x0800098c   0x0800098c   0x00000188   Code   RO          568    i.HAL_I2C_Init      stm32l1xx_hal_i2c.o
    0x08000b14   0x08000b14   0x000001e0   Code   RO          574    i.HAL_I2C_Master_Receive  stm32l1xx_hal_i2c.o
    0x08000cf4   0x08000cf4   0x0000012c   Code   RO          581    i.HAL_I2C_Master_Transmit  stm32l1xx_hal_i2c.o
    0x08000e20   0x08000e20   0x0000006c   Code   RO          507    i.HAL_I2C_MspInit   stm32l1xx_hal_msp.o
    0x08000e8c   0x08000e8c   0x00000010   Code   RO         1006    i.HAL_IncTick       stm32l1xx_hal.o
    0x08000e9c   0x08000e9c   0x0000001e   Code   RO         1007    i.HAL_Init          stm32l1xx_hal.o
    0x08000eba   0x08000eba   0x00000002   PAD
    0x08000ebc   0x08000ebc   0x00000044   Code   RO         1008    i.HAL_InitTick      stm32l1xx_hal.o
    0x08000f00   0x08000f00   0x0000003c   Code   RO          508    i.HAL_MspInit       stm32l1xx_hal_msp.o
    0x08000f3c   0x08000f3c   0x0000001a   Code   RO         1976    i.HAL_NVIC_EnableIRQ  stm32l1xx_hal_cortex.o
    0x08000f56   0x08000f56   0x00000002   PAD
    0x08000f58   0x08000f58   0x00000040   Code   RO         1982    i.HAL_NVIC_SetPriority  stm32l1xx_hal_cortex.o
    0x08000f98   0x08000f98   0x00000024   Code   RO         1983    i.HAL_NVIC_SetPriorityGrouping  stm32l1xx_hal_cortex.o
    0x08000fbc   0x08000fbc   0x000001a4   Code   RO         1164    i.HAL_RCC_ClockConfig  stm32l1xx_hal_rcc.o
    0x08001160   0x08001160   0x00000020   Code   RO         1171    i.HAL_RCC_GetPCLK1Freq  stm32l1xx_hal_rcc.o
    0x08001180   0x08001180   0x00000020   Code   RO         1172    i.HAL_RCC_GetPCLK2Freq  stm32l1xx_hal_rcc.o
    0x080011a0   0x080011a0   0x00000068   Code   RO         1173    i.HAL_RCC_GetSysClockFreq  stm32l1xx_hal_rcc.o
    0x08001208   0x08001208   0x00000428   Code   RO         1176    i.HAL_RCC_OscConfig  stm32l1xx_hal_rcc.o
    0x08001630   0x08001630   0x00000002   Code   RO          330    i.HAL_SYSTICK_Callback  main.o
    0x08001632   0x08001632   0x00000028   Code   RO         1987    i.HAL_SYSTICK_Config  stm32l1xx_hal_cortex.o
    0x0800165a   0x0800165a   0x00000008   Code   RO         1988    i.HAL_SYSTICK_IRQHandler  stm32l1xx_hal_cortex.o
    0x08001662   0x08001662   0x00000002   Code   RO         2225    i.HAL_UARTEx_RxEventCallback  stm32l1xx_hal_uart.o
    0x08001664   0x08001664   0x00000002   Code   RO         2239    i.HAL_UART_ErrorCallback  stm32l1xx_hal_uart.o
    0x08001666   0x08001666   0x00000002   PAD
    0x08001668   0x08001668   0x0000020c   Code   RO         2242    i.HAL_UART_IRQHandler  stm32l1xx_hal_uart.o
    0x08001874   0x08001874   0x00000062   Code   RO         2243    i.HAL_UART_Init     stm32l1xx_hal_uart.o
    0x080018d6   0x080018d6   0x00000002   PAD
    0x080018d8   0x080018d8   0x000000cc   Code   RO          510    i.HAL_UART_MspInit  stm32l1xx_hal_msp.o
    0x080019a4   0x080019a4   0x0000002a   Code   RO         2248    i.HAL_UART_Receive_IT  stm32l1xx_hal_uart.o
    0x080019ce   0x080019ce   0x00000002   PAD
    0x080019d0   0x080019d0   0x00000030   Code   RO          331    i.HAL_UART_RxCpltCallback  main.o
    0x08001a00   0x08001a00   0x000000b2   Code   RO         2251    i.HAL_UART_Transmit  stm32l1xx_hal_uart.o
    0x08001ab2   0x08001ab2   0x00000002   Code   RO         2254    i.HAL_UART_TxCpltCallback  stm32l1xx_hal_uart.o
    0x08001ab4   0x08001ab4   0x000000e0   Code   RO           14    i.HS300X_Start_Measurement  hs300x.o
    0x08001b94   0x08001b94   0x00000002   Code   RO          420    i.HardFault_Handler  stm32l1xx_it.o
    0x08001b96   0x08001b96   0x0000002e   Code   RO          610    i.I2C_IsAcknowledgeFailed  stm32l1xx_hal_i2c.o
    0x08001bc4   0x08001bc4   0x000000ec   Code   RO          613    i.I2C_MasterRequestRead  stm32l1xx_hal_i2c.o
    0x08001cb0   0x08001cb0   0x0000009c   Code   RO          614    i.I2C_MasterRequestWrite  stm32l1xx_hal_i2c.o
    0x08001d4c   0x08001d4c   0x0000004c   Code   RO          625    i.I2C_WaitOnBTFFlagUntilTimeout  stm32l1xx_hal_i2c.o
    0x08001d98   0x08001d98   0x00000068   Code   RO          626    i.I2C_WaitOnFlagUntilTimeout  stm32l1xx_hal_i2c.o
    0x08001e00   0x08001e00   0x00000096   Code   RO          627    i.I2C_WaitOnMasterAddressFlagUntilTimeout  stm32l1xx_hal_i2c.o
    0x08001e96   0x08001e96   0x00000066   Code   RO          628    i.I2C_WaitOnRXNEFlagUntilTimeout  stm32l1xx_hal_i2c.o
    0x08001efc   0x08001efc   0x0000004c   Code   RO          629    i.I2C_WaitOnTXEFlagUntilTimeout  stm32l1xx_hal_i2c.o
    0x08001f48   0x08001f48   0x00000094   Code   RO          332    i.MX_GPIO_Init      main.o
    0x08001fdc   0x08001fdc   0x00000002   Code   RO          421    i.MemManage_Handler  stm32l1xx_it.o
    0x08001fde   0x08001fde   0x0000002c   Code   RO          138    i.ModRTU_CRC        user_modbus_rtu.o
    0x0800200a   0x0800200a   0x0000003a   Code   RO          140    i.ModRTU_Master_Read_Frame  user_modbus_rtu.o
    0x08002044   0x08002044   0x0000005c   Code   RO          333    i.Modbus_RTU_Master  main.o
    0x080020a0   0x080020a0   0x00000002   Code   RO          422    i.NMI_Handler       stm32l1xx_it.o
    0x080020a2   0x080020a2   0x00000002   Code   RO          423    i.PendSV_Handler    stm32l1xx_it.o
    0x080020a4   0x080020a4   0x00000080   Code   RO         1177    i.RCC_SetFlashLatencyFromMSIRange  stm32l1xx_hal_rcc.o
    0x08002124   0x08002124   0x00000002   Code   RO          424    i.SVC_Handler       stm32l1xx_it.o
    0x08002126   0x08002126   0x0000000e   Code   RO          425    i.SysTick_Handler   stm32l1xx_it.o
    0x08002134   0x08002134   0x00000064   Code   RO          334    i.SystemClock_Config  main.o
    0x08002198   0x08002198   0x00000002   Code   RO         2572    i.SystemInit        system_stm32l1xx.o
    0x0800219a   0x0800219a   0x00000010   Code   RO         2256    i.UART_DMAAbortOnError  stm32l1xx_hal_uart.o
    0x080021aa   0x080021aa   0x00000030   Code   RO         2266    i.UART_EndRxTransfer  stm32l1xx_hal_uart.o
    0x080021da   0x080021da   0x000000b6   Code   RO         2268    i.UART_Receive_IT   stm32l1xx_hal_uart.o
    0x08002290   0x08002290   0x0000011c   Code   RO         2269    i.UART_SetConfig    stm32l1xx_hal_uart.o
    0x080023ac   0x080023ac   0x00000036   Code   RO         2271    i.UART_Start_Receive_IT  stm32l1xx_hal_uart.o
    0x080023e2   0x080023e2   0x00000064   Code   RO         2272    i.UART_WaitOnFlagUntilTimeout  stm32l1xx_hal_uart.o
    0x08002446   0x08002446   0x00000002   PAD
    0x08002448   0x08002448   0x0000000c   Code   RO          426    i.USART2_IRQHandler  stm32l1xx_it.o
    0x08002454   0x08002454   0x0000000c   Code   RO          427    i.USART3_IRQHandler  stm32l1xx_it.o
    0x08002460   0x08002460   0x00000002   Code   RO          428    i.UsageFault_Handler  stm32l1xx_it.o
    0x08002462   0x08002462   0x00000020   Code   RO         1989    i.__NVIC_SetPriority  stm32l1xx_hal_cortex.o
    0x08002482   0x08002482   0x00000002   PAD
    0x08002484   0x08002484   0x000002d4   Code   RO          335    i.main              main.o
    0x08002758   0x08002758   0x00000150   Code   RO         2710    x$fpl$dadd          fz_ws.l(daddsub_clz.o)
    0x080028a8   0x080028a8   0x000002b0   Code   RO         2717    x$fpl$ddiv          fz_ws.l(ddiv.o)
    0x08002b58   0x08002b58   0x0000005e   Code   RO         2720    x$fpl$dfix          fz_ws.l(dfix.o)
    0x08002bb6   0x08002bb6   0x00000026   Code   RO         2724    x$fpl$dfltu         fz_ws.l(dflt_clz.o)
    0x08002bdc   0x08002bdc   0x00000154   Code   RO         2730    x$fpl$dmul          fz_ws.l(dmul.o)
    0x08002d30   0x08002d30   0x0000009c   Code   RO         2820    x$fpl$dnaninf       fz_ws.l(dnaninf.o)
    0x08002dcc   0x08002dcc   0x0000000c   Code   RO         2822    x$fpl$dretinf       fz_ws.l(dretinf.o)
    0x08002dd8   0x08002dd8   0x000001d4   Code   RO         2712    x$fpl$dsub          fz_ws.l(daddsub_clz.o)
    0x08002fac   0x08002fac   0x00000000   Code   RO         2824    x$fpl$usenofp       fz_ws.l(usenofp.o)
    0x08002fac   0x08002fac   0x00000019   Data   RO         2573    .constdata          system_stm32l1xx.o
    0x08002fc5   0x08002fc5   0x00000008   Data   RO         2574    .constdata          system_stm32l1xx.o
    0x08002fcd   0x08002fcd   0x00000003   PAD
    0x08002fd0   0x08002fd0   0x00000020   Data   RO         2955    Region$$Table       anon$$obj.o


    Execution Region RW_IRAM1 (Exec base: 0x20000000, Load base: 0x08002ff0, Size: 0x00000888, Max: 0x00008000, ABSOLUTE)

    Exec Addr    Load Addr    Size         Type   Attr      Idx    E Section Name        Object

    0x20000000   0x08002ff0   0x00000001   Data   RW           15    .data               hs300x.o
    0x20000001   0x08002ff1   0x00000003   PAD
    0x20000004   0x08002ff4   0x0000000c   Data   RW          204    .data               user_uart.o
    0x20000010   0x08003000   0x00000020   Data   RW          338    .data               main.o
    0x20000030   0x08003020   0x0000000c   Data   RW         1014    .data               stm32l1xx_hal.o
    0x2000003c   0x0800302c   0x00000004   Data   RW         2575    .data               system_stm32l1xx.o
    0x20000040        -       0x000001e8   Zero   RW          336    .bss                main.o
    0x20000228        -       0x00000060   Zero   RW         2828    .bss                c_w.l(libspace.o)
    0x20000288        -       0x00000200   Zero   RW            2    HEAP                startup_stm32l151xc.o
    0x20000488        -       0x00000400   Zero   RW            1    STACK               startup_stm32l151xc.o


==============================================================================

Image component sizes


      Code (inc. data)   RO Data    RW Data    ZI Data      Debug   Object Name

       224         22          0          1          0     363447   hs300x.o
      1114        166          0         32        488       6317   main.o
        64         26        292          0       1536        832   startup_stm32l151xc.o
       162         24          0         12          0       3753   stm32l1xx_hal.o
       206         14          0          0          0      31068   stm32l1xx_hal_cortex.o
       152          0          0          0          0       1687   stm32l1xx_hal_dma.o
       574         34          0          0          0       2188   stm32l1xx_hal_gpio.o
      2118         50          0          0          0      12054   stm32l1xx_hal_i2c.o
       372         38          0          0          0       2351   stm32l1xx_hal_msp.o
      1780        116          0          0          0       6092   stm32l1xx_hal_rcc.o
      1532         10          0          0          0      10384   stm32l1xx_hal_uart.o
        54         12          0          0          0       5042   stm32l1xx_it.o
         2          0         33          4          0       1123   system_stm32l1xx.o
       102          0          0          0          0       2312   user_modbus_rtu.o
       136         10          0         12          0     358013   user_uart.o

    ----------------------------------------------------------------------
      8612        522        360         64       2024     806663   Object Totals
         0          0         32          0          0          0   (incl. Generated)
        20          0          3          3          0          0   (incl. Padding)

    ----------------------------------------------------------------------

      Code (inc. data)   RO Data    RW Data    ZI Data      Debug   Library Member Name

         8          0          0          0          0         68   __main.o
       104          0          0          0          0         84   __printf.o
         0          0          0          0          0          0   __rtentry.o
        12          0          0          0          0          0   __rtentry2.o
         6          0          0          0          0          0   __rtentry4.o
        52          8          0          0          0          0   __scatter.o
        26          0          0          0          0          0   __scatter_copy.o
        28          0          0          0          0          0   __scatter_zi.o
        48          6          0          0          0         96   _printf_char_common.o
         6          0          0          0          0          0   _printf_d.o
       120         16          0          0          0         92   _printf_dec.o
       178          0          0          0          0         88   _printf_intcommon.o
         0          0          0          0          0          0   _printf_percent.o
         4          0          0          0          0          0   _printf_percent_end.o
        10          0          0          0          0         68   _sputc.o
        18          0          0          0          0         80   exit.o
         6          0          0          0          0        152   heapauxi.o
         0          0          0          0          0          0   indicate_semi.o
         2          0          0          0          0          0   libinit.o
         2          0          0          0          0          0   libinit2.o
         2          0          0          0          0          0   libshutdown.o
         2          0          0          0          0          0   libshutdown2.o
         8          4          0          0         96         68   libspace.o
       238          0          0          0          0        100   lludivv7m.o
        40          6          0          0          0         84   noretval__2sprintf.o
        78          0          0          0          0         80   rt_memclr_w.o
         2          0          0          0          0          0   rtexit.o
        10          0          0          0          0          0   rtexit2.o
        62          0          0          0          0         76   strlen.o
        12          4          0          0          0         68   sys_exit.o
        74          0          0          0          0         80   sys_stackheap_outer.o
         2          0          0          0          0         68   use_no_semi.o
       804         16          0          0          0        272   daddsub_clz.o
       688        140          0          0          0        208   ddiv.o
        94          4          0          0          0         92   dfix.o
        38          0          0          0          0         68   dflt_clz.o
       340         12          0          0          0        104   dmul.o
       156          4          0          0          0         92   dnaninf.o
        12          0          0          0          0         68   dretinf.o
         0          0          0          0          0          0   usenofp.o

    ----------------------------------------------------------------------
      3300        220          0          0         96       2256   Library Totals
         8          0          0          0          0          0   (incl. Padding)

    ----------------------------------------------------------------------

      Code (inc. data)   RO Data    RW Data    ZI Data      Debug   Library Name

      1160         44          0          0         96       1352   c_w.l
      2132        176          0          0          0        904   fz_ws.l

    ----------------------------------------------------------------------
      3300        220          0          0         96       2256   Library Totals

    ----------------------------------------------------------------------

==============================================================================


      Code (inc. data)   RO Data    RW Data    ZI Data      Debug   

     11912        742        360         64       2120     804339   Grand Totals
     11912        742        360         64       2120     804339   ELF Image Totals
     11912        742        360         64          0          0   ROM Totals

==============================================================================

    Total RO  Size (Code + RO Data)                12272 (  11.98kB)
    Total RW  Size (RW Data + ZI Data)              2184 (   2.13kB)
    Total ROM Size (Code + RO Data + RW Data)      12336 (  12.05kB)

==============================================================================

